#-----------------------------------------------------------
# Vivado v2016.2 (64-bit)
# SW Build 1577090 on Thu Jun  2 16:32:40 MDT 2016
# IP Build 1577682 on Fri Jun  3 12:00:54 MDT 2016
# Start of session at: Mon Jul 18 15:46:03 2016
# Process ID: 42328
# Current directory: C:/Users/Owner/Desktop/CS2204-Summer-2016-Research-Project/side-projects/test-bench
# Command line: vivado.exe -gui_launcher_event rodinguilauncherevent45744 C:\Users\Owner\Desktop\CS2204-Summer-2016-Research-Project\side-projects\test-bench\test-bench.xpr
# Log file: C:/Users/Owner/Desktop/CS2204-Summer-2016-Research-Project/side-projects/test-bench/vivado.log
# Journal file: C:/Users/Owner/Desktop/CS2204-Summer-2016-Research-Project/side-projects/test-bench\vivado.jou
#-----------------------------------------------------------
start_gui
open_project C:/Users/Owner/Desktop/CS2204-Summer-2016-Research-Project/side-projects/test-bench/test-bench.xpr
update_compile_order -fileset sources_1
launch_simulation
launch_simulation
