Release 14.7 - xst P.20131013 (nt64)
Copyright (c) 1995-2013 Xilinx, Inc.  All rights reserved.
--> Parameter TMPDIR set to xst/projnav.tmp


Total REAL time to Xst completion: 0.00 secs
Total CPU time to Xst completion: 0.16 secs
 
--> Parameter xsthdpdir set to xst


Total REAL time to Xst completion: 0.00 secs
Total CPU time to Xst completion: 0.16 secs
 
--> Reading design: simple.prj

TABLE OF CONTENTS
  1) Synthesis Options Summary
  2) HDL Parsing
  3) HDL Elaboration
  4) HDL Synthesis
       4.1) HDL Synthesis Report
  5) Advanced HDL Synthesis
       5.1) Advanced HDL Synthesis Report
  6) Low Level Synthesis
  7) Partition Report
  8) Design Summary
       8.1) Primitive and Black Box Usage
       8.2) Device utilization summary
       8.3) Partition Resource Summary
       8.4) Timing Report
            8.4.1) Clock Information
            8.4.2) Asynchronous Control Signals Information
            8.4.3) Timing Summary
            8.4.4) Timing Details
            8.4.5) Cross Clock Domains Report


=========================================================================
*                      Synthesis Options Summary                        *
=========================================================================
---- Source Parameters
Input File Name                    : "simple.prj"
Ignore Synthesis Constraint File   : NO

---- Target Parameters
Output File Name                   : "simple"
Output Format                      : NGC
Target Device                      : xc7a100t-3-csg324

---- Source Options
Top Module Name                    : simple
Automatic FSM Extraction           : YES
FSM Encoding Algorithm             : Auto
Safe Implementation                : No
FSM Style                          : LUT
RAM Extraction                     : Yes
RAM Style                          : Auto
ROM Extraction                     : Yes
Shift Register Extraction          : YES
ROM Style                          : Auto
Resource Sharing                   : YES
Asynchronous To Synchronous        : NO
Shift Register Minimum Size        : 2
Use DSP Block                      : Auto
Automatic Register Balancing       : No

---- Target Options
LUT Combining                      : Auto
Reduce Control Sets                : Auto
Add IO Buffers                     : YES
Global Maximum Fanout              : 100000
Add Generic Clock Buffer(BUFG)     : 32
Register Duplication               : YES
Optimize Instantiated Primitives   : NO
Use Clock Enable                   : Auto
Use Synchronous Set                : Auto
Use Synchronous Reset              : Auto
Pack IO Registers into IOBs        : Auto
Equivalent register Removal        : YES

---- General Options
Optimization Goal                  : Speed
Optimization Effort                : 1
Power Reduction                    : NO
Keep Hierarchy                     : No
Netlist Hierarchy                  : As_Optimized
RTL Output                         : Yes
Global Optimization                : AllClockNets
Read Cores                         : YES
Write Timing Constraints           : NO
Cross Clock Analysis               : NO
Hierarchy Separator                : /
Bus Delimiter                      : <>
Case Specifier                     : Maintain
Slice Utilization Ratio            : 100
BRAM Utilization Ratio             : 100
DSP48 Utilization Ratio            : 100
Auto BRAM Packing                  : NO
Slice Utilization Ratio Delta      : 5

---- Other Options
Cores Search Directories           : {"ipcore_dir"  }

=========================================================================


=========================================================================
*                          HDL Parsing                                  *
=========================================================================
Parsing VHDL file "C:\Users\Owner\Desktop\CS2204-Summer-2016-Research-Project\ppm revamp\Xilinx Files\SimpleProject\ipcore_dir\placeholder.vhd" into library work
Parsing VHDL file "C:\Users\Owner\Desktop\CS2204-Summer-2016-Research-Project\ppm revamp\Xilinx Files\SimpleProject\simple.vhf" into library work
Parsing entity <ADD4_HXILINX_simple>.
Parsing architecture <ADD4_HXILINX_simple_V> of entity <add4_hxilinx_simple>.
Parsing entity <FD4CE_HXILINX_simple>.
Parsing architecture <Behavioral> of entity <fd4ce_hxilinx_simple>.
Parsing entity <simple>.
ERROR:HDLCompiler:806 - "C:\Users\Owner\Desktop\CS2204-Summer-2016-Research-Project\ppm revamp\Xilinx Files\SimpleProject\simple.vhf" Line 124: Syntax error near ")".
ERROR:HDLCompiler:806 - "C:\Users\Owner\Desktop\CS2204-Summer-2016-Research-Project\ppm revamp\Xilinx Files\SimpleProject\simple.vhf" Line 129: Syntax error near "attribute".
ERROR:HDLCompiler:806 - "C:\Users\Owner\Desktop\CS2204-Summer-2016-Research-Project\ppm revamp\Xilinx Files\SimpleProject\simple.vhf" Line 143: Syntax error near "component".
ERROR:HDLCompiler:806 - "C:\Users\Owner\Desktop\CS2204-Summer-2016-Research-Project\ppm revamp\Xilinx Files\SimpleProject\simple.vhf" Line 155: Syntax error near "component".
ERROR:HDLCompiler:69 - "C:\Users\Owner\Desktop\CS2204-Summer-2016-Research-Project\ppm revamp\Xilinx Files\SimpleProject\simple.vhf" Line 178: <gnd> is not declared.
ERROR:HDLCompiler:806 - "C:\Users\Owner\Desktop\CS2204-Summer-2016-Research-Project\ppm revamp\Xilinx Files\SimpleProject\simple.vhf" Line 180: Syntax error near "component".
ERROR:HDLCompiler:69 - "C:\Users\Owner\Desktop\CS2204-Summer-2016-Research-Project\ppm revamp\Xilinx Files\SimpleProject\simple.vhf" Line 191: <hu_set> is not declared.
ERROR:HDLCompiler:69 - "C:\Users\Owner\Desktop\CS2204-Summer-2016-Research-Project\ppm revamp\Xilinx Files\SimpleProject\simple.vhf" Line 192: <hu_set> is not declared.
ERROR:HDLCompiler:69 - "C:\Users\Owner\Desktop\CS2204-Summer-2016-Research-Project\ppm revamp\Xilinx Files\SimpleProject\simple.vhf" Line 194: <fd4ce_hxilinx_simple> is not declared.
ERROR:HDLCompiler:69 - "C:\Users\Owner\Desktop\CS2204-Summer-2016-Research-Project\ppm revamp\Xilinx Files\SimpleProject\simple.vhf" Line 207: <add4_hxilinx_simple> is not declared.
WARNING:HDLCompiler:439 - "C:\Users\Owner\Desktop\CS2204-Summer-2016-Research-Project\ppm revamp\Xilinx Files\SimpleProject\simple.vhf" Line 225: Formal port g of mode out cannot be associated with actual port xlxn_47 of mode in
ERROR:HDLCompiler:100 - "C:\Users\Owner\Desktop\CS2204-Summer-2016-Research-Project\ppm revamp\Xilinx Files\SimpleProject\simple.vhf" Line 225: xlxn_47 with mode 'in' cannot be updated
ERROR:HDLCompiler:1001 - "C:\Users\Owner\Desktop\CS2204-Summer-2016-Research-Project\ppm revamp\Xilinx Files\SimpleProject\simple.vhf" Line 224: component instantiations not allowed in entity statement part
WARNING:HDLCompiler:439 - "C:\Users\Owner\Desktop\CS2204-Summer-2016-Research-Project\ppm revamp\Xilinx Files\SimpleProject\simple.vhf" Line 228: Formal port g of mode out cannot be associated with actual port xlxn_48 of mode in
ERROR:HDLCompiler:100 - "C:\Users\Owner\Desktop\CS2204-Summer-2016-Research-Project\ppm revamp\Xilinx Files\SimpleProject\simple.vhf" Line 228: xlxn_48 with mode 'in' cannot be updated
ERROR:HDLCompiler:1001 - "C:\Users\Owner\Desktop\CS2204-Summer-2016-Research-Project\ppm revamp\Xilinx Files\SimpleProject\simple.vhf" Line 227: component instantiations not allowed in entity statement part
ERROR:HDLCompiler:69 - "C:\Users\Owner\Desktop\CS2204-Summer-2016-Research-Project\ppm revamp\Xilinx Files\SimpleProject\simple.vhf" Line 230: <placeholder> is not declared.
WARNING:HDLCompiler:439 - "C:\Users\Owner\Desktop\CS2204-Summer-2016-Research-Project\ppm revamp\Xilinx Files\SimpleProject\simple.vhf" Line 241: Formal port g of mode out cannot be associated with actual port xlxn_49 of mode in
ERROR:HDLCompiler:100 - "C:\Users\Owner\Desktop\CS2204-Summer-2016-Research-Project\ppm revamp\Xilinx Files\SimpleProject\simple.vhf" Line 241: xlxn_49 with mode 'in' cannot be updated
ERROR:HDLCompiler:1001 - "C:\Users\Owner\Desktop\CS2204-Summer-2016-Research-Project\ppm revamp\Xilinx Files\SimpleProject\simple.vhf" Line 240: component instantiations not allowed in entity statement part
ERROR:HDLCompiler:580 - "C:\Users\Owner\Desktop\CS2204-Summer-2016-Research-Project\ppm revamp\Xilinx Files\SimpleProject\simple.vhf" Line 243: Mismatch on label ; expected simple
ERROR:HDLCompiler:854 - "C:\Users\Owner\Desktop\CS2204-Summer-2016-Research-Project\ppm revamp\Xilinx Files\SimpleProject\simple.vhf" Line 123: Unit <simple> ignored due to previous errors.
VHDL file C:\Users\Owner\Desktop\CS2204-Summer-2016-Research-Project\ppm revamp\Xilinx Files\SimpleProject\simple.vhf ignored due to errors
--> 

Total memory usage is 308744 kilobytes

Number of errors   :   19 (   0 filtered)
Number of warnings :    3 (   0 filtered)
Number of infos    :    0 (   0 filtered)

