Copyright 1986-2016 Xilinx, Inc. All Rights Reserved.
-----------------------------------------------------------------------------------------------
| Tool Version : Vivado v.2016.2 (win64) Build 1577090 Thu Jun  2 16:32:40 MDT 2016
| Date         : Fri Jul 15 18:19:46 2016
| Host         : HP-25 running 64-bit Service Pack 1  (build 7601)
| Command      : report_control_sets -verbose -file microblaze_wrapper_control_sets_placed.rpt
| Design       : microblaze_wrapper
| Device       : xc7a100t
-----------------------------------------------------------------------------------------------

Control Set Information

Table of Contents
-----------------
1. Summary
2. Flip-Flop Distribution
3. Detailed Control Set Information

1. Summary
----------

+----------------------------------------------------------+-------+
|                          Status                          | Count |
+----------------------------------------------------------+-------+
| Number of unique control sets                            |    33 |
| Unused register locations in slices containing registers |   103 |
+----------------------------------------------------------+-------+


2. Flip-Flop Distribution
-------------------------

+--------------+-----------------------+------------------------+-----------------+--------------+
| Clock Enable | Synchronous Set/Reset | Asynchronous Set/Reset | Total Registers | Total Slices |
+--------------+-----------------------+------------------------+-----------------+--------------+
| No           | No                    | No                     |              64 |           30 |
| No           | No                    | Yes                    |               0 |            0 |
| No           | Yes                   | No                     |              53 |           27 |
| Yes          | No                    | No                     |              38 |           28 |
| Yes          | No                    | Yes                    |               0 |            0 |
| Yes          | Yes                   | No                     |             158 |           67 |
+--------------+-----------------------+------------------------+-----------------+--------------+


3. Detailed Control Set Information
-----------------------------------

+------------------+---------------------------------------------------------------------------------------------------------------------------------------------------------------------------------------+-------------------------------------------------------------------------------------------------------------------------------------------------------------+------------------+----------------+
|   Clock Signal   |                                                                                     Enable Signal                                                                                     |                                                                       Set/Reset Signal                                                                      | Slice Load Count | Bel Load Count |
+------------------+---------------------------------------------------------------------------------------------------------------------------------------------------------------------------------------+-------------------------------------------------------------------------------------------------------------------------------------------------------------+------------------+----------------+
|  CLOCK_IBUF_BUFG |                                                                                                                                                                                       | microblaze_i/microblaze_mcs_0/U0/iomodule_0/U0/IOModule_Core_I1/GPI_I1/p_0_in                                                                               |                1 |              1 |
|  CLOCK_IBUF_BUFG | microblaze_i/microblaze_mcs_0/U0/microblaze_I/U0/MicroBlaze_Core_I/Area.Core/Decode_I/Using_FPGA.of_PipeRun_MuxCY_1/Using_FPGA.Native_0                                               | microblaze_i/microblaze_mcs_0/U0/microblaze_I/U0/MicroBlaze_Core_I/Area.Core/Decode_I/Using_FPGA.of_PipeRun_MuxCY_1/Unsigned_Op_reg                         |                1 |              1 |
|  CLOCK_IBUF_BUFG |                                                                                                                                                                                       | microblaze_i/microblaze_mcs_0/U0/microblaze_I/U0/MicroBlaze_Core_I/Area.Core/Decode_I/Using_FPGA.New_Carry_MUXCY/Using_FPGA.Native_0                        |                1 |              1 |
|  CLOCK_IBUF_BUFG |                                                                                                                                                                                       | microblaze_i/microblaze_mcs_0/U0/microblaze_I/U0/MicroBlaze_Core_I/Area.Core/Decode_I/Using_FPGA.Using_Breakable_Pipe.Take_Intr_MUXCY_3/Using_FPGA.Native_0 |                1 |              1 |
|  CLOCK_IBUF_BUFG |                                                                                                                                                                                       | microblaze_i/microblaze_mcs_0/U0/microblaze_I/U0/MicroBlaze_Core_I/Area.Core/Decode_I/MSR_Rst                                                               |                1 |              1 |
|  CLOCK_IBUF_BUFG |                                                                                                                                                                                       | microblaze_i/microblaze_mcs_0/U0/microblaze_I/U0/MicroBlaze_Core_I/Area.Core/Decode_I/exception_kind[0]                                                     |                1 |              1 |
|  CLOCK_IBUF_BUFG | microblaze_i/microblaze_mcs_0/U0/iomodule_0/U0/IOModule_Core_I1/Using_UART.No_Dynamic_BaudRate.UART_FIT_I/Implement_FIT.Using_SRL16s.SRL16s[3].Divide_I/en_16x_baud                   | microblaze_i/microblaze_mcs_0/U0/iomodule_0/U0/IOModule_Core_I1/Using_UART_TX.UART_TX_I1/tx_Data_Enable                                                     |                1 |              1 |
|  CLOCK_IBUF_BUFG | microblaze_i/microblaze_mcs_0/U0/iomodule_0/U0/IOModule_Core_I1/Using_UART.No_Dynamic_BaudRate.UART_FIT_I/Implement_FIT.Using_SRL16s.SRL16s[1].Divide_I/One_SRL16.SRL16E_I/Clk_En_I_2 |                                                                                                                                                             |                1 |              1 |
|  CLOCK_IBUF_BUFG | microblaze_i/microblaze_mcs_0/U0/iomodule_0/U0/IOModule_Core_I1/Using_UART.No_Dynamic_BaudRate.UART_FIT_I/Implement_FIT.Using_SRL16s.SRL16s[2].Divide_I/Clk_En_I_1                    |                                                                                                                                                             |                1 |              1 |
|  CLOCK_IBUF_BUFG | microblaze_i/microblaze_mcs_0/U0/iomodule_0/U0/IOModule_Core_I1/Using_UART.No_Dynamic_BaudRate.UART_FIT_I/Implement_FIT.Using_SRL16s.SRL16s[2].Divide_I/Out1                          |                                                                                                                                                             |                1 |              1 |
|  CLOCK_IBUF_BUFG |                                                                                                                                                                                       | microblaze_i/microblaze_mcs_0/U0/rst_0/U0/bus_struct_reset[0]                                                                                               |                2 |              2 |
|  CLOCK_IBUF_BUFG | microblaze_i/microblaze_mcs_0/U0/iomodule_0/U0/IOModule_Core_I1/Using_UART.No_Dynamic_BaudRate.UART_FIT_I/Implement_FIT.Using_SRL16s.SRL16s[3].Divide_I/en_16x_baud                   |                                                                                                                                                             |                1 |              3 |
|  CLOCK_IBUF_BUFG | microblaze_i/microblaze_mcs_0/U0/iomodule_0/U0/IOModule_Core_I1/Using_UART_TX.UART_TX_I1/tx_Data_Enable                                                                               | microblaze_i/microblaze_mcs_0/U0/rst_0/U0/peripheral_reset[0]                                                                                               |                1 |              3 |
|  CLOCK_IBUF_BUFG |                                                                                                                                                                                       | microblaze_i/microblaze_mcs_0/U0/iomodule_0/U0/IOModule_Core_I1/Using_UART.Uart_Control_Status_I1/SR[0]                                                     |                2 |              4 |
|  CLOCK_IBUF_BUFG |                                                                                                                                                                                       | microblaze_i/microblaze_mcs_0/U0/microblaze_I/U0/MicroBlaze_Core_I/Area.Core/Decode_I/Using_FPGA.MUXCY_JUMP_CARRY3/R_0                                      |                2 |              4 |
|  CLOCK_IBUF_BUFG |                                                                                                                                                                                       | microblaze_i/microblaze_mcs_0/U0/rst_0/U0/EXT_LPF/lpf_int                                                                                                   |                2 |              5 |
|  CLOCK_IBUF_BUFG | microblaze_i/microblaze_mcs_0/U0/microblaze_I/U0/MicroBlaze_Core_I/Area.Core/Decode_I/Using_FPGA.of_PipeRun_MuxCY_1/Using_FPGA.Native_0                                               | microblaze_i/microblaze_mcs_0/U0/microblaze_I/U0/MicroBlaze_Core_I/Area.Core/Decode_I/Using_FPGA.of_PipeRun_MuxCY_1/select_ALU_Carry_reg                    |                3 |              5 |
|  CLOCK_IBUF_BUFG | microblaze_i/microblaze_mcs_0/U0/microblaze_I/U0/MicroBlaze_Core_I/Area.Core/Decode_I/Using_FPGA.of_PipeRun_MuxCY_1/E[0]                                                              |                                                                                                                                                             |                3 |              5 |
|  CLOCK_IBUF_BUFG | microblaze_i/microblaze_mcs_0/U0/rst_0/U0/SEQ/seq_cnt_en                                                                                                                              | microblaze_i/microblaze_mcs_0/U0/rst_0/U0/SEQ/SEQ_COUNTER/clear                                                                                             |                1 |              6 |
|  CLOCK_IBUF_BUFG | microblaze_i/microblaze_mcs_0/U0/microblaze_I/U0/MicroBlaze_Core_I/Area.Core/Decode_I/Using_FPGA.of_PipeRun_MuxCY_1/Using_FPGA.Native_0                                               | microblaze_i/microblaze_mcs_0/U0/microblaze_I/U0/MicroBlaze_Core_I/Area.Core/Decode_I/Using_FPGA.MUXCY_JUMP_CARRY3/R                                        |                2 |              7 |
|  CLOCK_IBUF_BUFG | microblaze_i/microblaze_mcs_0/U0/iomodule_0/U0/IOModule_Core_I1/Using_UART_RX.UART_RX_I1/new_rx_data_write                                                                            | microblaze_i/microblaze_mcs_0/U0/rst_0/U0/peripheral_reset[0]                                                                                               |                1 |              8 |
|  CLOCK_IBUF_BUFG | microblaze_i/microblaze_mcs_0/U0/iomodule_0/U0/uart_tx_write                                                                                                                          | microblaze_i/microblaze_mcs_0/U0/rst_0/U0/peripheral_reset[0]                                                                                               |                3 |              8 |
|  CLOCK_IBUF_BUFG |                                                                                                                                                                                       | microblaze_i/microblaze_mcs_0/U0/iomodule_0/U0/IOModule_Core_I1/Using_UART_RX.UART_RX_I1/RX_Data[7]_i_1_n_0                                                 |                2 |              8 |
|  CLOCK_IBUF_BUFG | microblaze_i/microblaze_mcs_0/U0/iomodule_0/U0/IOModule_Core_I1/Using_UART.No_Dynamic_BaudRate.UART_FIT_I/Implement_FIT.Using_SRL16s.SRL16s[3].Divide_I/en_16x_baud                   | microblaze_i/microblaze_mcs_0/U0/iomodule_0/U0/IOModule_Core_I1/Using_UART_RX.UART_RX_I1/Mid_Start_Bit_SRL16/mid_Start_Bit                                  |                2 |              8 |
|  CLOCK_IBUF_BUFG |                                                                                                                                                                                       | microblaze_i/microblaze_mcs_0/U0/microblaze_I/U0/MicroBlaze_Core_I/sync_reset                                                                               |                6 |             11 |
|  CLOCK_IBUF_BUFG | microblaze_i/microblaze_mcs_0/U0/microblaze_I/U0/MicroBlaze_Core_I/Area.Core/Decode_I/Using_FPGA.MUXCY_JUMP_CARRY3/PC_Write                                                           | microblaze_i/microblaze_mcs_0/U0/microblaze_I/U0/MicroBlaze_Core_I/sync_reset                                                                               |                6 |             14 |
|  CLOCK_IBUF_BUFG |                                                                                                                                                                                       | microblaze_i/microblaze_mcs_0/U0/rst_0/U0/peripheral_reset[0]                                                                                               |                6 |             14 |
|  CLOCK_IBUF_BUFG | microblaze_i/microblaze_mcs_0/U0/microblaze_I/U0/MicroBlaze_Core_I/Area.Core/Decode_I/PreFetch_Buffer_I/of_valid_FDR_I/E[0]                                                           | microblaze_i/microblaze_mcs_0/U0/microblaze_I/U0/MicroBlaze_Core_I/sync_reset                                                                               |               11 |             16 |
|  CLOCK_IBUF_BUFG | microblaze_i/microblaze_mcs_0/U0/microblaze_I/U0/MicroBlaze_Core_I/Area.Core/Decode_I/Using_FPGA.of_PipeRun_MuxCY_1/Using_FPGA.Native_0                                               |                                                                                                                                                             |               24 |             32 |
|  CLOCK_IBUF_BUFG | microblaze_i/microblaze_mcs_0/U0/microblaze_I/U0/MicroBlaze_Core_I/Area.Core/Decode_I/Using_FPGA.clean_iReady_MuxCY/IReady                                                            |                                                                                                                                                             |               13 |             46 |
|  CLOCK_IBUF_BUFG |                                                                                                                                                                                       |                                                                                                                                                             |               32 |             66 |
|  CLOCK_IBUF_BUFG | microblaze_i/microblaze_mcs_0/U0/microblaze_I/U0/MicroBlaze_Core_I/Area.Core/Decode_I/Using_FPGA.of_PipeRun_MuxCY_1/Using_FPGA.Native_0                                               | microblaze_i/microblaze_mcs_0/U0/microblaze_I/U0/MicroBlaze_Core_I/sync_reset                                                                               |               35 |             81 |
|  CLOCK_IBUF_BUFG | microblaze_i/microblaze_mcs_0/U0/microblaze_I/U0/MicroBlaze_Core_I/Area.Core/Decode_I/Reg_Write                                                                                       |                                                                                                                                                             |               32 |            128 |
+------------------+---------------------------------------------------------------------------------------------------------------------------------------------------------------------------------------+-------------------------------------------------------------------------------------------------------------------------------------------------------------+------------------+----------------+


