11:00:31 **** Clean-only build of configuration Debug for project communication ****
make clean 
rm -rf  ./src/platform.o ./src/simpleproject.o  ./src/platform.d  ./src/simpleproject.d  communication.elf.size  communication.elf.elfcheck  communication.elf
' '
11:00:32 **** Incremental Build of configuration Debug for project communication ****
make all 
'Building file: ../src/platform.c'
'Invoking: MicroBlaze g++ compiler'
mb-g++ -Wall -O0 -g3 -I"C:\Users\Owner\Desktop\workspace\communication_bsp\communication\include" -c -fmessage-length=0 -I../../communication_bsp/communication/include -mno-xl-reorder -mlittle-endian -mcpu=v8.40.a -mxl-soft-mul -Wl,--no-relax -ffunction-sections -fdata-sections -MMD -MP -MF"src/platform.d" -MT"src/platform.d" -o "src/platform.o" "../src/platform.c"
'Finished building: ../src/platform.c'
' '
'Building file: ../src/simpleproject.cpp'
'Invoking: MicroBlaze g++ compiler'
mb-g++ -Wall -O0 -g3 -I"C:\Users\Owner\Desktop\workspace\communication_bsp\communication\include" -c -fmessage-length=0 -I../../communication_bsp/communication/include -mno-xl-reorder -mlittle-endian -mcpu=v8.40.a -mxl-soft-mul -Wl,--no-relax -ffunction-sections -fdata-sections -MMD -MP -MF"src/simpleproject.d" -MT"src/simpleproject.d" -o "src/simpleproject.o" "../src/simpleproject.cpp"
../src/simpleproject.cpp: In function 'void init_uart_interrupt()':
../src/simpleproject.cpp:21:64: error: 'deserialize_UART_data_send' was not declared in this scope
../src/simpleproject.cpp: In function 'void serialize_GPI_data_send()':
../src/simpleproject.cpp:33:6: error: 'gpiData' was not declared in this scope
../src/simpleproject.cpp: In function 'void deserialize_UART_data_send()':
../src/simpleproject.cpp:43:25: error: 'inbyte' was not declared in this scope
../src/simpleproject.cpp:47:41: error: invalid conversion from 'u8* {aka unsigned char*}' to 'const char*' [-fpermissive]
c:\xilinx\14.7\ise_ds\edk\gnu\microblaze\nt\bin\../lib/gcc/microblaze-xilinx-elf/4.6.4/../../../../microblaze-xilinx-elf/include/stdlib.h:135:6: error:   initializing argument 1 of 'long int strtol(const char*, char**, int)' [-fpermissive]
../src/simpleproject.cpp:47:41: error: invalid conversion from 'u8** {aka unsigned char**}' to 'char**' [-fpermissive]
c:\xilinx\14.7\ise_ds\edk\gnu\microblaze\nt\bin\../lib/gcc/microblaze-xilinx-elf/4.6.4/../../../../microblaze-xilinx-elf/include/stdlib.h:135:6: error:   initializing argument 2 of 'long int strtol(const char*, char**, int)' [-fpermissive]
../src/simpleproject.cpp:51:44: error: invalid conversion from 'u8* {aka unsigned char*}' to 'const char*' [-fpermissive]
c:\xilinx\14.7\ise_ds\edk\gnu\microblaze\nt\bin\../lib/gcc/microblaze-xilinx-elf/4.6.4/../../../../microblaze-xilinx-elf/include/stdlib.h:135:6: error:   initializing argument 1 of 'long int strtol(const char*, char**, int)' [-fpermissive]
../src/simpleproject.cpp:51:44: error: invalid conversion from 'u8** {aka unsigned char**}' to 'char**' [-fpermissive]
c:\xilinx\14.7\ise_ds\edk\gnu\microblaze\nt\bin\../lib/gcc/microblaze-xilinx-elf/4.6.4/../../../../microblaze-xilinx-elf/include/stdlib.h:135:6: error:   initializing argument 2 of 'long int strtol(const char*, char**, int)' [-fpermissive]
../src/simpleproject.cpp:53:48: error: invalid conversion from 'u8* {aka unsigned char*}' to 'const char*' [-fpermissive]
c:\xilinx\14.7\ise_ds\edk\gnu\microblaze\nt\bin\../lib/gcc/microblaze-xilinx-elf/4.6.4/../../../../microblaze-xilinx-elf/include/stdlib.h:135:6: error:   initializing argument 1 of 'long int strtol(const char*, char**, int)' [-fpermissive]
../src/simpleproject.cpp:53:48: error: invalid conversion from 'u8** {aka unsigned char**}' to 'char**' [-fpermissive]
c:\xilinx\14.7\ise_ds\edk\gnu\microblaze\nt\bin\../lib/gcc/microblaze-xilinx-elf/4.6.4/../../../../microblaze-xilinx-elf/include/stdlib.h:135:6: error:   initializing argument 2 of 'long int strtol(const char*, char**, int)' [-fpermissive]
make: *** [src/simpleproject.o] Error 1
11:10:37 **** Auto Build of configuration Debug for project communication ****
make all 
'Building file: ../src/simpleproject.cpp'
'Invoking: MicroBlaze g++ compiler'
mb-g++ -Wall -O0 -g3 -I"C:\Users\Owner\Desktop\workspace\communication_bsp\communication\include" -c -fmessage-length=0 -I../../communication_bsp/communication/include -mno-xl-reorder -mlittle-endian -mcpu=v8.40.a -mxl-soft-mul -Wl,--no-relax -ffunction-sections -fdata-sections -MMD -MP -MF"src/simpleproject.d" -MT"src/simpleproject.d" -o "src/simpleproject.o" "../src/simpleproject.cpp"
../src/simpleproject.cpp: In function 'void serialize_GPI_data_send()':
../src/simpleproject.cpp:38:6: error: 'gpiData' was not declared in this scope
../src/simpleproject.cpp: In function 'void deserialize_UART_data_send(void*)':
../src/simpleproject.cpp:48:25: error: 'inbyte' was not declared in this scope
../src/simpleproject.cpp:52:41: error: invalid conversion from 'u8* {aka unsigned char*}' to 'const char*' [-fpermissive]
c:\xilinx\14.7\ise_ds\edk\gnu\microblaze\nt\bin\../lib/gcc/microblaze-xilinx-elf/4.6.4/../../../../microblaze-xilinx-elf/include/stdlib.h:135:6: error:   initializing argument 1 of 'long int strtol(const char*, char**, int)' [-fpermissive]
../src/simpleproject.cpp:52:41: error: invalid conversion from 'u8** {aka unsigned char**}' to 'char**' [-fpermissive]
c:\xilinx\14.7\ise_ds\edk\gnu\microblaze\nt\bin\../lib/gcc/microblaze-xilinx-elf/4.6.4/../../../../microblaze-xilinx-elf/include/stdlib.h:135:6: error:   initializing argument 2 of 'long int strtol(const char*, char**, int)' [-fpermissive]
../src/simpleproject.cpp:56:44: error: invalid conversion from 'u8* {aka unsigned char*}' to 'const char*' [-fpermissive]
c:\xilinx\14.7\ise_ds\edk\gnu\microblaze\nt\bin\../lib/gcc/microblaze-xilinx-elf/4.6.4/../../../../microblaze-xilinx-elf/include/stdlib.h:135:6: error:   initializing argument 1 of 'long int strtol(const char*, char**, int)' [-fpermissive]
../src/simpleproject.cpp:56:44: error: invalid conversion from 'u8** {aka unsigned char**}' to 'char**' [-fpermissive]
c:\xilinx\14.7\ise_ds\edk\gnu\microblaze\nt\bin\../lib/gcc/microblaze-xilinx-elf/4.6.4/../../../../microblaze-xilinx-elf/include/stdlib.h:135:6: error:   initializing argument 2 of 'long int strtol(const char*, char**, int)' [-fpermissive]
../src/simpleproject.cpp:58:48: error: invalid conversion from 'u8* {aka unsigned char*}' to 'const char*' [-fpermissive]
c:\xilinx\14.7\ise_ds\edk\gnu\microblaze\nt\bin\../lib/gcc/microblaze-xilinx-elf/4.6.4/../../../../microblaze-xilinx-elf/include/stdlib.h:135:6: error:   initializing argument 1 of 'long int strtol(const char*, char**, int)' [-fpermissive]
../src/simpleproject.cpp:58:48: error: invalid conversion from 'u8** {aka unsigned char**}' to 'char**' [-fpermissive]
c:\xilinx\14.7\ise_ds\edk\gnu\microblaze\nt\bin\../lib/gcc/microblaze-xilinx-elf/4.6.4/../../../../microblaze-xilinx-elf/include/stdlib.h:135:6: error:   initializing argument 2 of 'long int strtol(const char*, char**, int)' [-fpermissive]
make: *** [src/simpleproject.o] Error 1
11:10:50 **** Auto Build of configuration Debug for project communication ****
make all 
'Building file: ../src/simpleproject.cpp'
'Invoking: MicroBlaze g++ compiler'
mb-g++ -Wall -O0 -g3 -I"C:\Users\Owner\Desktop\workspace\communication_bsp\communication\include" -c -fmessage-length=0 -I../../communication_bsp/communication/include -mno-xl-reorder -mlittle-endian -mcpu=v8.40.a -mxl-soft-mul -Wl,--no-relax -ffunction-sections -fdata-sections -MMD -MP -MF"src/simpleproject.d" -MT"src/simpleproject.d" -o "src/simpleproject.o" "../src/simpleproject.cpp"
../src/simpleproject.cpp: In function 'void deserialize_UART_data_send(void*)':
../src/simpleproject.cpp:48:25: error: 'inbyte' was not declared in this scope
../src/simpleproject.cpp:52:41: error: invalid conversion from 'u8* {aka unsigned char*}' to 'const char*' [-fpermissive]
c:\xilinx\14.7\ise_ds\edk\gnu\microblaze\nt\bin\../lib/gcc/microblaze-xilinx-elf/4.6.4/../../../../microblaze-xilinx-elf/include/stdlib.h:135:6: error:   initializing argument 1 of 'long int strtol(const char*, char**, int)' [-fpermissive]
../src/simpleproject.cpp:52:41: error: invalid conversion from 'u8** {aka unsigned char**}' to 'char**' [-fpermissive]
c:\xilinx\14.7\ise_ds\edk\gnu\microblaze\nt\bin\../lib/gcc/microblaze-xilinx-elf/4.6.4/../../../../microblaze-xilinx-elf/include/stdlib.h:135:6: error:   initializing argument 2 of 'long int strtol(const char*, char**, int)' [-fpermissive]
../src/simpleproject.cpp:56:44: error: invalid conversion from 'u8* {aka unsigned char*}' to 'const char*' [-fpermissive]
c:\xilinx\14.7\ise_ds\edk\gnu\microblaze\nt\bin\../lib/gcc/microblaze-xilinx-elf/4.6.4/../../../../microblaze-xilinx-elf/include/stdlib.h:135:6: error:   initializing argument 1 of 'long int strtol(const char*, char**, int)' [-fpermissive]
../src/simpleproject.cpp:56:44: error: invalid conversion from 'u8** {aka unsigned char**}' to 'char**' [-fpermissive]
c:\xilinx\14.7\ise_ds\edk\gnu\microblaze\nt\bin\../lib/gcc/microblaze-xilinx-elf/4.6.4/../../../../microblaze-xilinx-elf/include/stdlib.h:135:6: error:   initializing argument 2 of 'long int strtol(const char*, char**, int)' [-fpermissive]
../src/simpleproject.cpp:58:48: error: invalid conversion from 'u8* {aka unsigned char*}' to 'const char*' [-fpermissive]
c:\xilinx\14.7\ise_ds\edk\gnu\microblaze\nt\bin\../lib/gcc/microblaze-xilinx-elf/4.6.4/../../../../microblaze-xilinx-elf/include/stdlib.h:135:6: error:   initializing argument 1 of 'long int strtol(const char*, char**, int)' [-fpermissive]
../src/simpleproject.cpp:58:48: error: invalid conversion from 'u8** {aka unsigned char**}' to 'char**' [-fpermissive]
c:\xilinx\14.7\ise_ds\edk\gnu\microblaze\nt\bin\../lib/gcc/microblaze-xilinx-elf/4.6.4/../../../../microblaze-xilinx-elf/include/stdlib.h:135:6: error:   initializing argument 2 of 'long int strtol(const char*, char**, int)' [-fpermissive]
make: *** [src/simpleproject.o] Error 1
11:11:45 **** Auto Build of configuration Debug for project communication ****
make all 
'Building file: ../src/simpleproject.cpp'
'Invoking: MicroBlaze g++ compiler'
mb-g++ -Wall -O0 -g3 -I"C:\Users\Owner\Desktop\workspace\communication_bsp\communication\include" -c -fmessage-length=0 -I../../communication_bsp/communication/include -mno-xl-reorder -mlittle-endian -mcpu=v8.40.a -mxl-soft-mul -Wl,--no-relax -ffunction-sections -fdata-sections -MMD -MP -MF"src/simpleproject.d" -MT"src/simpleproject.d" -o "src/simpleproject.o" "../src/simpleproject.cpp"
../src/simpleproject.cpp: In function 'void deserialize_UART_data_send(void*)':
../src/simpleproject.cpp:53:41: error: invalid conversion from 'u8* {aka unsigned char*}' to 'const char*' [-fpermissive]
c:\xilinx\14.7\ise_ds\edk\gnu\microblaze\nt\bin\../lib/gcc/microblaze-xilinx-elf/4.6.4/../../../../microblaze-xilinx-elf/include/stdlib.h:135:6: error:   initializing argument 1 of 'long int strtol(const char*, char**, int)' [-fpermissive]
../src/simpleproject.cpp:53:41: error: invalid conversion from 'u8** {aka unsigned char**}' to 'char**' [-fpermissive]
c:\xilinx\14.7\ise_ds\edk\gnu\microblaze\nt\bin\../lib/gcc/microblaze-xilinx-elf/4.6.4/../../../../microblaze-xilinx-elf/include/stdlib.h:135:6: error:   initializing argument 2 of 'long int strtol(const char*, char**, int)' [-fpermissive]
../src/simpleproject.cpp:57:44: error: invalid conversion from 'u8* {aka unsigned char*}' to 'const char*' [-fpermissive]
c:\xilinx\14.7\ise_ds\edk\gnu\microblaze\nt\bin\../lib/gcc/microblaze-xilinx-elf/4.6.4/../../../../microblaze-xilinx-elf/include/stdlib.h:135:6: error:   initializing argument 1 of 'long int strtol(const char*, char**, int)' [-fpermissive]
../src/simpleproject.cpp:57:44: error: invalid conversion from 'u8** {aka unsigned char**}' to 'char**' [-fpermissive]
c:\xilinx\14.7\ise_ds\edk\gnu\microblaze\nt\bin\../lib/gcc/microblaze-xilinx-elf/4.6.4/../../../../microblaze-xilinx-elf/include/stdlib.h:135:6: error:   initializing argument 2 of 'long int strtol(const char*, char**, int)' [-fpermissive]
../src/simpleproject.cpp:59:48: error: invalid conversion from 'u8* {aka unsigned char*}' to 'const char*' [-fpermissive]
c:\xilinx\14.7\ise_ds\edk\gnu\microblaze\nt\bin\../lib/gcc/microblaze-xilinx-elf/4.6.4/../../../../microblaze-xilinx-elf/include/stdlib.h:135:6: error:   initializing argument 1 of 'long int strtol(const char*, char**, int)' [-fpermissive]
../src/simpleproject.cpp:59:48: error: invalid conversion from 'u8** {aka unsigned char**}' to 'char**' [-fpermissive]
c:\xilinx\14.7\ise_ds\edk\gnu\microblaze\nt\bin\../lib/gcc/microblaze-xilinx-elf/4.6.4/../../../../microblaze-xilinx-elf/include/stdlib.h:135:6: error:   initializing argument 2 of 'long int strtol(const char*, char**, int)' [-fpermissive]
make: *** [src/simpleproject.o] Error 1
11:12:15 **** Auto Build of configuration Debug for project communication ****
make all 
'Building file: ../src/simpleproject.cpp'
'Invoking: MicroBlaze g++ compiler'
mb-g++ -Wall -O0 -g3 -I"C:\Users\Owner\Desktop\workspace\communication_bsp\communication\include" -c -fmessage-length=0 -I../../communication_bsp/communication/include -mno-xl-reorder -mlittle-endian -mcpu=v8.40.a -mxl-soft-mul -Wl,--no-relax -ffunction-sections -fdata-sections -MMD -MP -MF"src/simpleproject.d" -MT"src/simpleproject.d" -o "src/simpleproject.o" "../src/simpleproject.cpp"
../src/simpleproject.cpp: In function 'void deserialize_UART_data_send(void*)':
../src/simpleproject.cpp:53:54: error: invalid conversion from 'u8** {aka unsigned char**}' to 'char**' [-fpermissive]
c:\xilinx\14.7\ise_ds\edk\gnu\microblaze\nt\bin\../lib/gcc/microblaze-xilinx-elf/4.6.4/../../../../microblaze-xilinx-elf/include/stdlib.h:135:6: error:   initializing argument 2 of 'long int strtol(const char*, char**, int)' [-fpermissive]
../src/simpleproject.cpp:57:44: error: invalid conversion from 'u8* {aka unsigned char*}' to 'const char*' [-fpermissive]
c:\xilinx\14.7\ise_ds\edk\gnu\microblaze\nt\bin\../lib/gcc/microblaze-xilinx-elf/4.6.4/../../../../microblaze-xilinx-elf/include/stdlib.h:135:6: error:   initializing argument 1 of 'long int strtol(const char*, char**, int)' [-fpermissive]
../src/simpleproject.cpp:57:44: error: invalid conversion from 'u8** {aka unsigned char**}' to 'char**' [-fpermissive]
c:\xilinx\14.7\ise_ds\edk\gnu\microblaze\nt\bin\../lib/gcc/microblaze-xilinx-elf/4.6.4/../../../../microblaze-xilinx-elf/include/stdlib.h:135:6: error:   initializing argument 2 of 'long int strtol(const char*, char**, int)' [-fpermissive]
../src/simpleproject.cpp:59:48: error: invalid conversion from 'u8* {aka unsigned char*}' to 'const char*' [-fpermissive]
c:\xilinx\14.7\ise_ds\edk\gnu\microblaze\nt\bin\../lib/gcc/microblaze-xilinx-elf/4.6.4/../../../../microblaze-xilinx-elf/include/stdlib.h:135:6: error:   initializing argument 1 of 'long int strtol(const char*, char**, int)' [-fpermissive]
../src/simpleproject.cpp:59:48: error: invalid conversion from 'u8** {aka unsigned char**}' to 'char**' [-fpermissive]
c:\xilinx\14.7\ise_ds\edk\gnu\microblaze\nt\bin\../lib/gcc/microblaze-xilinx-elf/4.6.4/../../../../microblaze-xilinx-elf/include/stdlib.h:135:6: error:   initializing argument 2 of 'long int strtol(const char*, char**, int)' [-fpermissive]
make: *** [src/simpleproject.o] Error 1
11:13:44 **** Auto Build of configuration Debug for project communication ****
make all 
'Building file: ../src/simpleproject.cpp'
'Invoking: MicroBlaze g++ compiler'
mb-g++ -Wall -O0 -g3 -I"C:\Users\Owner\Desktop\workspace\communication_bsp\communication\include" -c -fmessage-length=0 -I../../communication_bsp/communication/include -mno-xl-reorder -mlittle-endian -mcpu=v8.40.a -mxl-soft-mul -Wl,--no-relax -ffunction-sections -fdata-sections -MMD -MP -MF"src/simpleproject.d" -MT"src/simpleproject.d" -o "src/simpleproject.o" "../src/simpleproject.cpp"
../src/simpleproject.cpp: In function 'void deserialize_UART_data_send(void*)':
../src/simpleproject.cpp:46:14: error: invalid conversion from 'const char*' to 'char*' [-fpermissive]
../src/simpleproject.cpp:60:44: error: invalid conversion from 'u8* {aka unsigned char*}' to 'const char*' [-fpermissive]
c:\xilinx\14.7\ise_ds\edk\gnu\microblaze\nt\bin\../lib/gcc/microblaze-xilinx-elf/4.6.4/../../../../microblaze-xilinx-elf/include/stdlib.h:135:6: error:   initializing argument 1 of 'long int strtol(const char*, char**, int)' [-fpermissive]
../src/simpleproject.cpp:62:48: error: invalid conversion from 'u8* {aka unsigned char*}' to 'const char*' [-fpermissive]
c:\xilinx\14.7\ise_ds\edk\gnu\microblaze\nt\bin\../lib/gcc/microblaze-xilinx-elf/4.6.4/../../../../microblaze-xilinx-elf/include/stdlib.h:135:6: error:   initializing argument 1 of 'long int strtol(const char*, char**, int)' [-fpermissive]
make: *** [src/simpleproject.o] Error 1
11:14:08 **** Auto Build of configuration Debug for project communication ****
make all 
'Building file: ../src/simpleproject.cpp'
'Invoking: MicroBlaze g++ compiler'
mb-g++ -Wall -O0 -g3 -I"C:\Users\Owner\Desktop\workspace\communication_bsp\communication\include" -c -fmessage-length=0 -I../../communication_bsp/communication/include -mno-xl-reorder -mlittle-endian -mcpu=v8.40.a -mxl-soft-mul -Wl,--no-relax -ffunction-sections -fdata-sections -MMD -MP -MF"src/simpleproject.d" -MT"src/simpleproject.d" -o "src/simpleproject.o" "../src/simpleproject.cpp"
../src/simpleproject.cpp: In function 'void deserialize_UART_data_send(void*)':
../src/simpleproject.cpp:60:44: error: invalid conversion from 'u8* {aka unsigned char*}' to 'const char*' [-fpermissive]
c:\xilinx\14.7\ise_ds\edk\gnu\microblaze\nt\bin\../lib/gcc/microblaze-xilinx-elf/4.6.4/../../../../microblaze-xilinx-elf/include/stdlib.h:135:6: error:   initializing argument 1 of 'long int strtol(const char*, char**, int)' [-fpermissive]
../src/simpleproject.cpp:62:48: error: invalid conversion from 'u8* {aka unsigned char*}' to 'const char*' [-fpermissive]
c:\xilinx\14.7\ise_ds\edk\gnu\microblaze\nt\bin\../lib/gcc/microblaze-xilinx-elf/4.6.4/../../../../microblaze-xilinx-elf/include/stdlib.h:135:6: error:   initializing argument 1 of 'long int strtol(const char*, char**, int)' [-fpermissive]
../src/simpleproject.cpp:45:14: warning: unused variable 'start' [-Wunused-variable]
make: *** [src/simpleproject.o] Error 1
11:14:34 **** Auto Build of configuration Debug for project communication ****
make all 
'Building file: ../src/simpleproject.cpp'
'Invoking: MicroBlaze g++ compiler'
mb-g++ -Wall -O0 -g3 -I"C:\Users\Owner\Desktop\workspace\communication_bsp\communication\include" -c -fmessage-length=0 -I../../communication_bsp/communication/include -mno-xl-reorder -mlittle-endian -mcpu=v8.40.a -mxl-soft-mul -Wl,--no-relax -ffunction-sections -fdata-sections -MMD -MP -MF"src/simpleproject.d" -MT"src/simpleproject.d" -o "src/simpleproject.o" "../src/simpleproject.cpp"
'Finished building: ../src/simpleproject.cpp'
' '
'Building target: communication.elf'
'Invoking: MicroBlaze g++ linker'
mb-g++ -L"C:\Users\Owner\Desktop\workspace\communication_bsp\communication\lib" -Wl,-T -Wl,../src/lscript.ld -L../../communication_bsp/communication/lib -mlittle-endian -mcpu=v8.40.a -mxl-soft-mul -Wl,--no-relax -Wl,--gc-sections -o "communication.elf"  ./src/platform.o ./src/simpleproject.o   -Wl,--start-group,-lxil,-lgcc,-lc,--end-group -Wl,--start-group,-lxil,-llwip4,-lgcc,-lc,--end-group -lxilflash -Wl,--start-group,-lxilisf,-lxil,-lgcc,-lc,--end-group -Wl,--start-group,-lxilskey,-lxil,-lgcc,-lc,--end-group
c:/xilinx/14.7/ise_ds/edk/gnu/microblaze/nt/bin/../lib/gcc/microblaze-xilinx-elf/4.6.4/../../../../microblaze-xilinx-elf/bin/ld.exe: cannot find -llwip4
collect2: ld returned 1 exit status
make: *** [communication.elf] Error 1
11:14:48 **** Auto Build of configuration Debug for project communication ****
make all 
'Building file: ../src/simpleproject.cpp'
'Invoking: MicroBlaze g++ compiler'
mb-g++ -Wall -O0 -g3 -I"C:\Users\Owner\Desktop\workspace\communication_bsp\communication\include" -c -fmessage-length=0 -I../../communication_bsp/communication/include -mno-xl-reorder -mlittle-endian -mcpu=v8.40.a -mxl-soft-mul -Wl,--no-relax -ffunction-sections -fdata-sections -MMD -MP -MF"src/simpleproject.d" -MT"src/simpleproject.d" -o "src/simpleproject.o" "../src/simpleproject.cpp"
'Finished building: ../src/simpleproject.cpp'
' '
'Building target: communication.elf'
'Invoking: MicroBlaze g++ linker'
mb-g++ -L"C:\Users\Owner\Desktop\workspace\communication_bsp\communication\lib" -Wl,-T -Wl,../src/lscript.ld -L../../communication_bsp/communication/lib -mlittle-endian -mcpu=v8.40.a -mxl-soft-mul -Wl,--no-relax -Wl,--gc-sections -o "communication.elf"  ./src/platform.o ./src/simpleproject.o   -Wl,--start-group,-lxil,-lgcc,-lc,--end-group -Wl,--start-group,-lxil,-llwip4,-lgcc,-lc,--end-group -lxilflash -Wl,--start-group,-lxilisf,-lxil,-lgcc,-lc,--end-group -Wl,--start-group,-lxilskey,-lxil,-lgcc,-lc,--end-group
c:/xilinx/14.7/ise_ds/edk/gnu/microblaze/nt/bin/../lib/gcc/microblaze-xilinx-elf/4.6.4/../../../../microblaze-xilinx-elf/bin/ld.exe: cannot find -llwip4
collect2: ld returned 1 exit status
make: *** [communication.elf] Error 1
11:36:42 **** Incremental Build of configuration Debug for project communication ****
make all 
'Building target: communication.elf'
'Invoking: MicroBlaze g++ linker'
mb-g++ -L"C:\Users\Owner\Desktop\workspace\communication_bsp\communication\lib" -Wl,-T -Wl,../src/lscript.ld -L../../communication_bsp/communication/lib -mlittle-endian -mcpu=v8.40.a -mxl-soft-mul -Wl,--no-relax -Wl,--gc-sections -o "communication.elf"  ./src/platform.o ./src/simpleproject.o   -Wl,--start-group,-lxil,-lgcc,-lc,--end-group -Wl,--start-group,-lxil,-llwip4,-lgcc,-lc,--end-group -lxilflash -Wl,--start-group,-lxilisf,-lxil,-lgcc,-lc,--end-group -Wl,--start-group,-lxilskey,-lxil,-lgcc,-lc,--end-group
c:/xilinx/14.7/ise_ds/edk/gnu/microblaze/nt/bin/../lib/gcc/microblaze-xilinx-elf/4.6.4/../../../../microblaze-xilinx-elf/bin/ld.exe: cannot find -llwip4
collect2: ld returned 1 exit status
make: *** [communication.elf] Error 1
11:39:51 **** Auto Build of project communication_bsp ****
make -k all 
libgen -hw ../communication_hwp/system.xml\
	       \
	       -pe communication \
	       -log libgen.log \
	       system.mss
libgen
Xilinx EDK 14.7 Build EDK_P.20131013
Copyright (c) 1995-2012 Xilinx, Inc.  All rights reserved.

Command Line: libgen -hw ../communication_hwp/system.xml -pe communication -log
libgen.log system.mss 


Staging source files.
Running DRCs.
Runnning DRC for lwIP library... 



ERROR:EDK:3900 - issued from TCL procedure "::sw_lwip140_v1_06_a::lwip_drc" line
   12
   lwip140 () - No Ethernet MAC cores are addressable from processor
   communication.  lwIP requires atleast one EMAC (xps_ethernetlite |
   xps_ll_temac | axi_ethernet | axi_ethernet_buffer | axi_ethernetlite |
   ps7_ethernet) core  with its interrupt pin connected to the interrupt
   controller.

ERROR:EDK:3900 - issued from TCL procedure "::sw_xilfatfs_v1_00_a::xilfatfs_drc"
   line 15
   xilfatfs () - Sysace HW module not present or not accessible from this
   processor. FATfs cannot be used without this module

Running DRC for XilIsf library... 



ERROR:EDK - xilisf () - No SPI core is addressable from processor communication.
    XilIsf library requires a SPI Core 

MFS DRC ...

ERROR:EDK:3414 - Error(s) while running DRCs.
make: *** [communication/lib/libxil.a] Error 2
make: Target `all' not remade because of errors.
11:39:55 **** Auto Build of configuration Debug for project communication ****
make all 
'Building target: communication.elf'
'Invoking: MicroBlaze g++ linker'
mb-g++ -L"C:\Users\Owner\Desktop\workspace\communication_bsp\communication\lib" -Wl,-T -Wl,../src/lscript.ld -L../../communication_bsp/communication/lib -mlittle-endian -mcpu=v8.40.a -mxl-soft-mul -Wl,--no-relax -Wl,--gc-sections -o "communication.elf"  ./src/platform.o ./src/simpleproject.o   -Wl,--start-group,-lxil,-lgcc,-lc,--end-group -Wl,--start-group,-lxil,-llwip4,-lgcc,-lc,--end-group -lxilflash -Wl,--start-group,-lxilisf,-lxil,-lgcc,-lc,--end-group -Wl,--start-group,-lxilskey,-lxil,-lgcc,-lc,--end-group
c:/xilinx/14.7/ise_ds/edk/gnu/microblaze/nt/bin/../lib/gcc/microblaze-xilinx-elf/4.6.4/../../../../microblaze-xilinx-elf/bin/ld.exe: cannot find -llwip4
collect2: ld returned 1 exit status
make: *** [communication.elf] Error 1
11:41:28 **** Incremental Build of configuration Debug for project communication ****
make all 
'Building target: communication.elf'
'Invoking: MicroBlaze g++ linker'
mb-g++ -L"C:\Users\Owner\Desktop\workspace\communication_bsp\communication\lib" -Wl,-T -Wl,../src/lscript.ld -L../../communication_bsp/communication/lib -mlittle-endian -mcpu=v8.40.a -mxl-soft-mul -Wl,--no-relax -Wl,--gc-sections -o "communication.elf"  ./src/platform.o ./src/simpleproject.o   -Wl,--start-group,-lxil,-lgcc,-lc,--end-group -Wl,--start-group,-lxil,-llwip4,-lgcc,-lc,--end-group -lxilflash -Wl,--start-group,-lxilisf,-lxil,-lgcc,-lc,--end-group -Wl,--start-group,-lxilskey,-lxil,-lgcc,-lc,--end-group
c:/xilinx/14.7/ise_ds/edk/gnu/microblaze/nt/bin/../lib/gcc/microblaze-xilinx-elf/4.6.4/../../../../microblaze-xilinx-elf/bin/ld.exe: cannot find -llwip4
collect2: ld returned 1 exit status
make: *** [communication.elf] Error 1
11:42:19 **** Clean-only build of configuration Debug for project communication ****
make clean 
rm -rf  ./src/platform.o ./src/simpleproject.o  ./src/platform.d  ./src/simpleproject.d  communication.elf.size  communication.elf.elfcheck  communication.elf
' '
11:42:20 **** Auto Build of configuration Debug for project communication ****
make all 
'Building file: ../src/platform.c'
'Invoking: MicroBlaze g++ compiler'
mb-g++ -Wall -O0 -g3 -I"C:\Users\Owner\Desktop\workspace\communication_bsp\communication\include" -c -fmessage-length=0 -mno-xl-reorder -mlittle-endian -mcpu=v8.40.a -mxl-soft-mul -Wl,--no-relax -ffunction-sections -fdata-sections -MMD -MP -MF"src/platform.d" -MT"src/platform.d" -o "src/platform.o" "../src/platform.c"
../src/platform.c:42:25: fatal error: xparameters.h: No such file or directory
compilation terminated.
make: *** [src/platform.o] Error 1
11:42:25 **** Clean-only build of configuration Debug for project communication ****
make clean 
rm -rf  ./src/platform.o ./src/simpleproject.o  ./src/platform.d  ./src/simpleproject.d  communication.elf.size  communication.elf.elfcheck  communication.elf
' '
11:42:25 **** Auto Build of configuration Debug for project communication ****
make all 
'Building file: ../src/platform.c'
'Invoking: MicroBlaze g++ compiler'
mb-g++ -Wall -O0 -g3 -I"C:\Users\Owner\Desktop\workspace\communication_bsp\communication\include" -c -fmessage-length=0 -mno-xl-reorder -mlittle-endian -mcpu=v8.40.a -mxl-soft-mul -Wl,--no-relax -ffunction-sections -fdata-sections -MMD -MP -MF"src/platform.d" -MT"src/platform.d" -o "src/platform.o" "../src/platform.c"
../src/platform.c:42:25: fatal error: xparameters.h: No such file or directory
compilation terminated.
make: *** [src/platform.o] Error 1
11:43:03 **** Auto Build of project communication_bsp ****
make -k all 
'Finished building libraries'
11:43:03 **** Auto Build of configuration Debug for project communication ****
make all 
'Building file: ../src/platform.c'
'Invoking: MicroBlaze g++ compiler'
mb-g++ -Wall -O0 -g3 -I"C:\Users\Owner\Desktop\workspace\communication_bsp\communication\include" -c -fmessage-length=0 -mno-xl-reorder -mlittle-endian -mcpu=v8.40.a -mxl-soft-mul -Wl,--no-relax -ffunction-sections -fdata-sections -MMD -MP -MF"src/platform.d" -MT"src/platform.d" -o "src/platform.o" "../src/platform.c"
'Finished building: ../src/platform.c'
' '
'Building file: ../src/simpleproject.cpp'
'Invoking: MicroBlaze g++ compiler'
mb-g++ -Wall -O0 -g3 -I"C:\Users\Owner\Desktop\workspace\communication_bsp\communication\include" -c -fmessage-length=0 -mno-xl-reorder -mlittle-endian -mcpu=v8.40.a -mxl-soft-mul -Wl,--no-relax -ffunction-sections -fdata-sections -MMD -MP -MF"src/simpleproject.d" -MT"src/simpleproject.d" -o "src/simpleproject.o" "../src/simpleproject.cpp"
'Finished building: ../src/simpleproject.cpp'
' '
'Building target: communication.elf'
'Invoking: MicroBlaze g++ linker'
mb-g++ -L"C:\Users\Owner\Desktop\workspace\communication_bsp\communication\lib" -Wl,-T -Wl,../src/lscript.ld -L../../communication_bsp/communication/lib -mlittle-endian -mcpu=v8.40.a -mxl-soft-mul -Wl,--no-relax -Wl,--gc-sections -o "communication.elf"  ./src/platform.o ./src/simpleproject.o   -Wl,--start-group,-lxil,-lgcc,-lc,--end-group -Wl,--start-group,-lxil,-llwip4,-lgcc,-lc,--end-group -lxilflash -Wl,--start-group,-lxilisf,-lxil,-lgcc,-lc,--end-group -Wl,--start-group,-lxilskey,-lxil,-lgcc,-lc,--end-group
c:/xilinx/14.7/ise_ds/edk/gnu/microblaze/nt/bin/../lib/gcc/microblaze-xilinx-elf/4.6.4/../../../../microblaze-xilinx-elf/bin/ld.exe: cannot find -llwip4
collect2: ld returned 1 exit status
make: *** [communication.elf] Error 1
11:43:14 **** Auto Build of project communication_bsp ****
make -k all 
libgen -hw ../communication_hwp/system.xml\
	       \
	       -pe communication \
	       -log libgen.log \
	       system.mss
libgen
Xilinx EDK 14.7 Build EDK_P.20131013
Copyright (c) 1995-2012 Xilinx, Inc.  All rights reserved.

Command Line: libgen -hw ../communication_hwp/system.xml -pe communication -log
libgen.log system.mss 

ERROR:EDK:1278 - Failed to create directory
   C:\Users\Owner\Desktop\workspace\communication_bsp\communication\include\.
make: *** [communication/lib/libxil.a] Error 2
make: Target `all' not remade because of errors.
11:43:16 **** Auto Build of configuration Debug for project communication ****
make all 
'Building target: communication.elf'
'Invoking: MicroBlaze g++ linker'
mb-g++ -L"C:\Users\Owner\Desktop\workspace\communication_bsp\communication\lib" -Wl,-T -Wl,../src/lscript.ld -L../../communication_bsp/communication/lib -mlittle-endian -mcpu=v8.40.a -mxl-soft-mul -Wl,--no-relax -Wl,--gc-sections -o "communication.elf"  ./src/platform.o ./src/simpleproject.o   -Wl,--start-group,-lxil,-lgcc,-lc,--end-group -Wl,--start-group,-lxil,-llwip4,-lgcc,-lc,--end-group -lxilflash -Wl,--start-group,-lxilisf,-lxil,-lgcc,-lc,--end-group -Wl,--start-group,-lxilskey,-lxil,-lgcc,-lc,--end-group
c:/xilinx/14.7/ise_ds/edk/gnu/microblaze/nt/bin/../lib/gcc/microblaze-xilinx-elf/4.6.4/../../../../microblaze-xilinx-elf/bin/ld.exe: cannot find -llwip4
collect2: ld returned 1 exit status
make: *** [communication.elf] Error 1
11:43:29 **** Auto Build of project communication_bsp ****
make -k all 
libgen -hw ../communication_hwp/system.xml\
	       \
	       -pe communication \
	       -log libgen.log \
	       system.mss
libgen
Xilinx EDK 14.7 Build EDK_P.20131013
Copyright (c) 1995-2012 Xilinx, Inc.  All rights reserved.

Command Line: libgen -hw ../communication_hwp/system.xml -pe communication -log
libgen.log system.mss 


Staging source files.
Running DRCs.
Runnning DRC for lwIP library... 



ERROR:EDK:3900 - issued from TCL procedure "::sw_lwip140_v1_06_a::lwip_drc" line
   12
   lwip140 () - No Ethernet MAC cores are addressable from processor
   communication.  lwIP requires atleast one EMAC (xps_ethernetlite |
   xps_ll_temac | axi_ethernet | axi_ethernet_buffer | axi_ethernetlite |
   ps7_ethernet) core  with its interrupt pin connected to the interrupt
   controller.

ERROR:EDK:3900 - issued from TCL procedure "::sw_xilfatfs_v1_00_a::xilfatfs_drc"
   line 15
   xilfatfs () - Sysace HW module not present or not accessible from this
   processor. FATfs cannot be used without this module

Running DRC for XilIsf library... 



ERROR:EDK - xilisf () - No SPI core is addressable from processor communication.
    XilIsf library requires a SPI Core 

MFS DRC ...

ERROR:EDK:3414 - Error(s) while running DRCs.
make: *** [communication/lib/libxil.a] Error 2
make: Target `all' not remade because of errors.
11:43:32 **** Auto Build of configuration Debug for project communication ****
make all 
'Building target: communication.elf'
'Invoking: MicroBlaze g++ linker'
mb-g++ -L"C:\Users\Owner\Desktop\workspace\communication_bsp\communication\lib" -Wl,-T -Wl,../src/lscript.ld -L../../communication_bsp/communication/lib -mlittle-endian -mcpu=v8.40.a -mxl-soft-mul -Wl,--no-relax -Wl,--gc-sections -o "communication.elf"  ./src/platform.o ./src/simpleproject.o   -Wl,--start-group,-lxil,-lgcc,-lc,--end-group -Wl,--start-group,-lxil,-llwip4,-lgcc,-lc,--end-group -lxilflash -Wl,--start-group,-lxilisf,-lxil,-lgcc,-lc,--end-group -Wl,--start-group,-lxilskey,-lxil,-lgcc,-lc,--end-group
c:/xilinx/14.7/ise_ds/edk/gnu/microblaze/nt/bin/../lib/gcc/microblaze-xilinx-elf/4.6.4/../../../../microblaze-xilinx-elf/bin/ld.exe: cannot find -llwip4
collect2: ld returned 1 exit status
make: *** [communication.elf] Error 1
11:43:42 **** Auto Build of project communication_bsp ****
make -k all 
'Finished building libraries'
11:43:42 **** Auto Build of configuration Debug for project communication ****
make all 
'Building target: communication.elf'
'Invoking: MicroBlaze g++ linker'
mb-g++ -L"C:\Users\Owner\Desktop\workspace\communication_bsp\communication\lib" -Wl,-T -Wl,../src/lscript.ld -L../../communication_bsp/communication/lib -mlittle-endian -mcpu=v8.40.a -mxl-soft-mul -Wl,--no-relax -Wl,--gc-sections -o "communication.elf"  ./src/platform.o ./src/simpleproject.o   -Wl,--start-group,-lxil,-lgcc,-lc,--end-group -Wl,--start-group,-lxil,-llwip4,-lgcc,-lc,--end-group -lxilflash -Wl,--start-group,-lxilisf,-lxil,-lgcc,-lc,--end-group -Wl,--start-group,-lxilskey,-lxil,-lgcc,-lc,--end-group
c:/xilinx/14.7/ise_ds/edk/gnu/microblaze/nt/bin/../lib/gcc/microblaze-xilinx-elf/4.6.4/../../../../microblaze-xilinx-elf/bin/ld.exe: cannot find -llwip4
collect2: ld returned 1 exit status
make: *** [communication.elf] Error 1
11:45:16 **** Clean-only build of configuration Debug for project communication ****
make clean 
rm -rf  ./src/platform.o ./src/simpleproject.o  ./src/platform.d  ./src/simpleproject.d  communication.elf.size  communication.elf.elfcheck  communication.elf
' '
11:45:16 **** Auto Build of configuration Debug for project communication ****
make all 
'Building file: ../src/platform.c'
'Invoking: MicroBlaze g++ compiler'
mb-g++ -Wall -O0 -g3 -I"C:\Users\Owner\Desktop\workspace\communication_bsp\communication\include" -c -fmessage-length=0 -mno-xl-reorder -mlittle-endian -mcpu=v8.40.a -mxl-soft-mul -Wl,--no-relax -ffunction-sections -fdata-sections -MMD -MP -MF"src/platform.d" -MT"src/platform.d" -o "src/platform.o" "../src/platform.c"
'Finished building: ../src/platform.c'
' '
'Building file: ../src/simpleproject.cpp'
'Invoking: MicroBlaze g++ compiler'
mb-g++ -Wall -O0 -g3 -I"C:\Users\Owner\Desktop\workspace\communication_bsp\communication\include" -c -fmessage-length=0 -mno-xl-reorder -mlittle-endian -mcpu=v8.40.a -mxl-soft-mul -Wl,--no-relax -ffunction-sections -fdata-sections -MMD -MP -MF"src/simpleproject.d" -MT"src/simpleproject.d" -o "src/simpleproject.o" "../src/simpleproject.cpp"
'Finished building: ../src/simpleproject.cpp'
' '
'Building target: communication.elf'
'Invoking: MicroBlaze g++ linker'
mb-g++ -L"C:\Users\Owner\Desktop\workspace\communication_bsp\communication\lib" -Wl,-T -Wl,../src/lscript.ld -L../../communication_bsp/communication/lib -mlittle-endian -mcpu=v8.40.a -mxl-soft-mul -Wl,--no-relax -Wl,--gc-sections -o "communication.elf"  ./src/platform.o ./src/simpleproject.o   -llibc -llibm -llibxil -Wl,--start-group,-lxil,-lgcc,-lc,--end-group -Wl,--start-group,-lxil,-llwip4,-lgcc,-lc,--end-group -lxilflash -Wl,--start-group,-lxilisf,-lxil,-lgcc,-lc,--end-group -Wl,--start-group,-lxilskey,-lxil,-lgcc,-lc,--end-group
c:/xilinx/14.7/ise_ds/edk/gnu/microblaze/nt/bin/../lib/gcc/microblaze-xilinx-elf/4.6.4/../../../../microblaze-xilinx-elf/bin/ld.exe: cannot find -llibc
c:/xilinx/14.7/ise_ds/edk/gnu/microblaze/nt/bin/../lib/gcc/microblaze-xilinx-elf/4.6.4/../../../../microblaze-xilinx-elf/bin/ld.exe: cannot find -llibm
c:/xilinx/14.7/ise_ds/edk/gnu/microblaze/nt/bin/../lib/gcc/microblaze-xilinx-elf/4.6.4/../../../../microblaze-xilinx-elf/bin/ld.exe: cannot find -llibxil
collect2: ld returned 1 exit status
make: *** [communication.elf] Error 1
11:45:25 **** Clean-only build of configuration Debug for project communication ****
make clean 
rm -rf  ./src/platform.o ./src/simpleproject.o  ./src/platform.d  ./src/simpleproject.d  communication.elf.size  communication.elf.elfcheck  communication.elf
' '
11:45:25 **** Auto Build of configuration Debug for project communication ****
make all 
'Building file: ../src/platform.c'
'Invoking: MicroBlaze g++ compiler'
mb-g++ -Wall -O0 -g3 -I"C:\Users\Owner\Desktop\workspace\communication_bsp\communication\include" -c -fmessage-length=0 -mno-xl-reorder -mlittle-endian -mcpu=v8.40.a -mxl-soft-mul -Wl,--no-relax -ffunction-sections -fdata-sections -MMD -MP -MF"src/platform.d" -MT"src/platform.d" -o "src/platform.o" "../src/platform.c"
'Finished building: ../src/platform.c'
' '
'Building file: ../src/simpleproject.cpp'
'Invoking: MicroBlaze g++ compiler'
mb-g++ -Wall -O0 -g3 -I"C:\Users\Owner\Desktop\workspace\communication_bsp\communication\include" -c -fmessage-length=0 -mno-xl-reorder -mlittle-endian -mcpu=v8.40.a -mxl-soft-mul -Wl,--no-relax -ffunction-sections -fdata-sections -MMD -MP -MF"src/simpleproject.d" -MT"src/simpleproject.d" -o "src/simpleproject.o" "../src/simpleproject.cpp"
'Finished building: ../src/simpleproject.cpp'
' '
'Building target: communication.elf'
'Invoking: MicroBlaze g++ linker'
mb-g++ -L"C:\Users\Owner\Desktop\workspace\communication_bsp\communication\lib" -Wl,-T -Wl,../src/lscript.ld -L../../communication_bsp/communication/lib -mlittle-endian -mcpu=v8.40.a -mxl-soft-mul -Wl,--no-relax -Wl,--gc-sections -o "communication.elf"  ./src/platform.o ./src/simpleproject.o   -llibc -llibm -llibxil -Wl,--start-group,-lxil,-lgcc,-lc,--end-group -Wl,--start-group,-lxil,-llwip4,-lgcc,-lc,--end-group -lxilflash -Wl,--start-group,-lxilisf,-lxil,-lgcc,-lc,--end-group -Wl,--start-group,-lxilskey,-lxil,-lgcc,-lc,--end-group
c:/xilinx/14.7/ise_ds/edk/gnu/microblaze/nt/bin/../lib/gcc/microblaze-xilinx-elf/4.6.4/../../../../microblaze-xilinx-elf/bin/ld.exe: cannot find -llibc
c:/xilinx/14.7/ise_ds/edk/gnu/microblaze/nt/bin/../lib/gcc/microblaze-xilinx-elf/4.6.4/../../../../microblaze-xilinx-elf/bin/ld.exe: cannot find -llibm
c:/xilinx/14.7/ise_ds/edk/gnu/microblaze/nt/bin/../lib/gcc/microblaze-xilinx-elf/4.6.4/../../../../microblaze-xilinx-elf/bin/ld.exe: cannot find -llibxil
collect2: ld returned 1 exit status
make: *** [communication.elf] Error 1
11:45:27 **** Clean-only build of configuration Debug for project communication ****
make clean 
rm -rf  ./src/platform.o ./src/simpleproject.o  ./src/platform.d  ./src/simpleproject.d  communication.elf.size  communication.elf.elfcheck  communication.elf
' '
11:45:27 **** Auto Build of configuration Debug for project communication ****
make all 
'Building file: ../src/platform.c'
'Invoking: MicroBlaze g++ compiler'
mb-g++ -Wall -O0 -g3 -I"C:\Users\Owner\Desktop\workspace\communication_bsp\communication\include" -c -fmessage-length=0 -mno-xl-reorder -mlittle-endian -mcpu=v8.40.a -mxl-soft-mul -Wl,--no-relax -ffunction-sections -fdata-sections -MMD -MP -MF"src/platform.d" -MT"src/platform.d" -o "src/platform.o" "../src/platform.c"
'Finished building: ../src/platform.c'
' '
'Building file: ../src/simpleproject.cpp'
'Invoking: MicroBlaze g++ compiler'
mb-g++ -Wall -O0 -g3 -I"C:\Users\Owner\Desktop\workspace\communication_bsp\communication\include" -c -fmessage-length=0 -mno-xl-reorder -mlittle-endian -mcpu=v8.40.a -mxl-soft-mul -Wl,--no-relax -ffunction-sections -fdata-sections -MMD -MP -MF"src/simpleproject.d" -MT"src/simpleproject.d" -o "src/simpleproject.o" "../src/simpleproject.cpp"
'Finished building: ../src/simpleproject.cpp'
' '
'Building target: communication.elf'
'Invoking: MicroBlaze g++ linker'
mb-g++ -L"C:\Users\Owner\Desktop\workspace\communication_bsp\communication\lib" -Wl,-T -Wl,../src/lscript.ld -L../../communication_bsp/communication/lib -mlittle-endian -mcpu=v8.40.a -mxl-soft-mul -Wl,--no-relax -Wl,--gc-sections -o "communication.elf"  ./src/platform.o ./src/simpleproject.o   -llibc -llibm -llibxil -Wl,--start-group,-lxil,-lgcc,-lc,--end-group -Wl,--start-group,-lxil,-llwip4,-lgcc,-lc,--end-group -lxilflash -Wl,--start-group,-lxilisf,-lxil,-lgcc,-lc,--end-group -Wl,--start-group,-lxilskey,-lxil,-lgcc,-lc,--end-group
c:/xilinx/14.7/ise_ds/edk/gnu/microblaze/nt/bin/../lib/gcc/microblaze-xilinx-elf/4.6.4/../../../../microblaze-xilinx-elf/bin/ld.exe: cannot find -llibc
c:/xilinx/14.7/ise_ds/edk/gnu/microblaze/nt/bin/../lib/gcc/microblaze-xilinx-elf/4.6.4/../../../../microblaze-xilinx-elf/bin/ld.exe: cannot find -llibm
c:/xilinx/14.7/ise_ds/edk/gnu/microblaze/nt/bin/../lib/gcc/microblaze-xilinx-elf/4.6.4/../../../../microblaze-xilinx-elf/bin/ld.exe: cannot find -llibxil
collect2: ld returned 1 exit status
make: *** [communication.elf] Error 1
11:46:22 **** Clean-only build of configuration Debug for project communication ****
make clean 
rm -rf  ./src/platform.o ./src/simpleproject.o  ./src/platform.d  ./src/simpleproject.d  communication.elf.size  communication.elf.elfcheck  communication.elf
' '
11:46:22 **** Auto Build of configuration Debug for project communication ****
make all 
'Building file: ../src/platform.c'
'Invoking: MicroBlaze g++ compiler'
mb-g++ -Wall -O0 -g3 -I"C:\Users\Owner\Desktop\workspace\communication_bsp\communication\include" -c -fmessage-length=0 -mno-xl-reorder -mlittle-endian -mcpu=v8.40.a -mxl-soft-mul -Wl,--no-relax -ffunction-sections -fdata-sections -MMD -MP -MF"src/platform.d" -MT"src/platform.d" -o "src/platform.o" "../src/platform.c"
'Finished building: ../src/platform.c'
' '
'Building file: ../src/simpleproject.cpp'
'Invoking: MicroBlaze g++ compiler'
mb-g++ -Wall -O0 -g3 -I"C:\Users\Owner\Desktop\workspace\communication_bsp\communication\include" -c -fmessage-length=0 -mno-xl-reorder -mlittle-endian -mcpu=v8.40.a -mxl-soft-mul -Wl,--no-relax -ffunction-sections -fdata-sections -MMD -MP -MF"src/simpleproject.d" -MT"src/simpleproject.d" -o "src/simpleproject.o" "../src/simpleproject.cpp"
'Finished building: ../src/simpleproject.cpp'
' '
'Building target: communication.elf'
'Invoking: MicroBlaze g++ linker'
mb-g++ -L"C:\Users\Owner\Desktop\workspace\communication_bsp\communication\lib" -Wl,-T -Wl,../src/lscript.ld -L../../communication_bsp/communication/lib -mlittle-endian -mcpu=v8.40.a -mxl-soft-mul -Wl,--no-relax -Wl,--gc-sections -o "communication.elf"  ./src/platform.o ./src/simpleproject.o   -llibc.a -llibm.a -llibxil.a -Wl,--start-group,-lxil,-lgcc,-lc,--end-group -Wl,--start-group,-lxil,-llwip4,-lgcc,-lc,--end-group -lxilflash -Wl,--start-group,-lxilisf,-lxil,-lgcc,-lc,--end-group -Wl,--start-group,-lxilskey,-lxil,-lgcc,-lc,--end-group
c:/xilinx/14.7/ise_ds/edk/gnu/microblaze/nt/bin/../lib/gcc/microblaze-xilinx-elf/4.6.4/../../../../microblaze-xilinx-elf/bin/ld.exe: cannot find -llibc.a
c:/xilinx/14.7/ise_ds/edk/gnu/microblaze/nt/bin/../lib/gcc/microblaze-xilinx-elf/4.6.4/../../../../microblaze-xilinx-elf/bin/ld.exe: cannot find -llibm.a
c:/xilinx/14.7/ise_ds/edk/gnu/microblaze/nt/bin/../lib/gcc/microblaze-xilinx-elf/4.6.4/../../../../microblaze-xilinx-elf/bin/ld.exe: cannot find -llibxil.a
collect2: ld returned 1 exit status
make: *** [communication.elf] Error 1
11:46:24 **** Clean-only build of configuration Debug for project communication ****
make clean 
rm -rf  ./src/platform.o ./src/simpleproject.o  ./src/platform.d  ./src/simpleproject.d  communication.elf.size  communication.elf.elfcheck  communication.elf
' '
11:46:24 **** Auto Build of configuration Debug for project communication ****
make all 
'Building file: ../src/platform.c'
'Invoking: MicroBlaze g++ compiler'
mb-g++ -Wall -O0 -g3 -I"C:\Users\Owner\Desktop\workspace\communication_bsp\communication\include" -c -fmessage-length=0 -mno-xl-reorder -mlittle-endian -mcpu=v8.40.a -mxl-soft-mul -Wl,--no-relax -ffunction-sections -fdata-sections -MMD -MP -MF"src/platform.d" -MT"src/platform.d" -o "src/platform.o" "../src/platform.c"
'Finished building: ../src/platform.c'
' '
'Building file: ../src/simpleproject.cpp'
'Invoking: MicroBlaze g++ compiler'
mb-g++ -Wall -O0 -g3 -I"C:\Users\Owner\Desktop\workspace\communication_bsp\communication\include" -c -fmessage-length=0 -mno-xl-reorder -mlittle-endian -mcpu=v8.40.a -mxl-soft-mul -Wl,--no-relax -ffunction-sections -fdata-sections -MMD -MP -MF"src/simpleproject.d" -MT"src/simpleproject.d" -o "src/simpleproject.o" "../src/simpleproject.cpp"
'Finished building: ../src/simpleproject.cpp'
' '
'Building target: communication.elf'
'Invoking: MicroBlaze g++ linker'
mb-g++ -L"C:\Users\Owner\Desktop\workspace\communication_bsp\communication\lib" -Wl,-T -Wl,../src/lscript.ld -L../../communication_bsp/communication/lib -mlittle-endian -mcpu=v8.40.a -mxl-soft-mul -Wl,--no-relax -Wl,--gc-sections -o "communication.elf"  ./src/platform.o ./src/simpleproject.o   -llibc.a -llibm.a -llibxil.a -Wl,--start-group,-lxil,-lgcc,-lc,--end-group -Wl,--start-group,-lxil,-llwip4,-lgcc,-lc,--end-group -lxilflash -Wl,--start-group,-lxilisf,-lxil,-lgcc,-lc,--end-group -Wl,--start-group,-lxilskey,-lxil,-lgcc,-lc,--end-group
c:/xilinx/14.7/ise_ds/edk/gnu/microblaze/nt/bin/../lib/gcc/microblaze-xilinx-elf/4.6.4/../../../../microblaze-xilinx-elf/bin/ld.exe: cannot find -llibc.a
c:/xilinx/14.7/ise_ds/edk/gnu/microblaze/nt/bin/../lib/gcc/microblaze-xilinx-elf/4.6.4/../../../../microblaze-xilinx-elf/bin/ld.exe: cannot find -llibm.a
c:/xilinx/14.7/ise_ds/edk/gnu/microblaze/nt/bin/../lib/gcc/microblaze-xilinx-elf/4.6.4/../../../../microblaze-xilinx-elf/bin/ld.exe: cannot find -llibxil.a
collect2: ld returned 1 exit status
make: *** [communication.elf] Error 1
11:46:56 **** Clean-only build of configuration Debug for project communication ****
make clean 
rm -rf  ./src/platform.o ./src/simpleproject.o  ./src/platform.d  ./src/simpleproject.d  communication.elf.size  communication.elf.elfcheck  communication.elf
' '
11:46:56 **** Auto Build of configuration Debug for project communication ****
make all 
'Building file: ../src/platform.c'
'Invoking: MicroBlaze g++ compiler'
mb-g++ -Wall -O0 -g3 -I"C:\Users\Owner\Desktop\workspace\communication_bsp\communication\include" -c -fmessage-length=0 -mno-xl-reorder -mlittle-endian -mcpu=v8.40.a -mxl-soft-mul -Wl,--no-relax -ffunction-sections -fdata-sections -MMD -MP -MF"src/platform.d" -MT"src/platform.d" -o "src/platform.o" "../src/platform.c"
'Finished building: ../src/platform.c'
' '
'Building file: ../src/simpleproject.cpp'
'Invoking: MicroBlaze g++ compiler'
mb-g++ -Wall -O0 -g3 -I"C:\Users\Owner\Desktop\workspace\communication_bsp\communication\include" -c -fmessage-length=0 -mno-xl-reorder -mlittle-endian -mcpu=v8.40.a -mxl-soft-mul -Wl,--no-relax -ffunction-sections -fdata-sections -MMD -MP -MF"src/simpleproject.d" -MT"src/simpleproject.d" -o "src/simpleproject.o" "../src/simpleproject.cpp"
'Finished building: ../src/simpleproject.cpp'
' '
'Building target: communication.elf'
'Invoking: MicroBlaze g++ linker'
mb-g++ -L"C:\Users\Owner\Desktop\workspace\communication_bsp\communication\lib" -Wl,-T -Wl,../src/lscript.ld -L../../communication_bsp/communication/lib -mlittle-endian -mcpu=v8.40.a -mxl-soft-mul -Wl,--no-relax -Wl,--gc-sections -o "communication.elf"  ./src/platform.o ./src/simpleproject.o   -libc.a -libm.a -libxil.a -Wl,--start-group,-lxil,-lgcc,-lc,--end-group -Wl,--start-group,-lxil,-llwip4,-lgcc,-lc,--end-group -lxilflash -Wl,--start-group,-lxilisf,-lxil,-lgcc,-lc,--end-group -Wl,--start-group,-lxilskey,-lxil,-lgcc,-lc,--end-group
c:/xilinx/14.7/ise_ds/edk/gnu/microblaze/nt/bin/../lib/gcc/microblaze-xilinx-elf/4.6.4/../../../../microblaze-xilinx-elf/bin/ld.exe: cannot find -libc.a
c:/xilinx/14.7/ise_ds/edk/gnu/microblaze/nt/bin/../lib/gcc/microblaze-xilinx-elf/4.6.4/../../../../microblaze-xilinx-elf/bin/ld.exe: cannot find -libm.a
c:/xilinx/14.7/ise_ds/edk/gnu/microblaze/nt/bin/../lib/gcc/microblaze-xilinx-elf/4.6.4/../../../../microblaze-xilinx-elf/bin/ld.exe: cannot find -libxil.a
collect2: ld returned 1 exit status
make: *** [communication.elf] Error 1
11:46:58 **** Clean-only build of configuration Debug for project communication ****
make clean 
rm -rf  ./src/platform.o ./src/simpleproject.o  ./src/platform.d  ./src/simpleproject.d  communication.elf.size  communication.elf.elfcheck  communication.elf
' '
11:46:58 **** Auto Build of configuration Debug for project communication ****
make all 
'Building file: ../src/platform.c'
'Invoking: MicroBlaze g++ compiler'
mb-g++ -Wall -O0 -g3 -I"C:\Users\Owner\Desktop\workspace\communication_bsp\communication\include" -c -fmessage-length=0 -mno-xl-reorder -mlittle-endian -mcpu=v8.40.a -mxl-soft-mul -Wl,--no-relax -ffunction-sections -fdata-sections -MMD -MP -MF"src/platform.d" -MT"src/platform.d" -o "src/platform.o" "../src/platform.c"
'Finished building: ../src/platform.c'
' '
'Building file: ../src/simpleproject.cpp'
'Invoking: MicroBlaze g++ compiler'
mb-g++ -Wall -O0 -g3 -I"C:\Users\Owner\Desktop\workspace\communication_bsp\communication\include" -c -fmessage-length=0 -mno-xl-reorder -mlittle-endian -mcpu=v8.40.a -mxl-soft-mul -Wl,--no-relax -ffunction-sections -fdata-sections -MMD -MP -MF"src/simpleproject.d" -MT"src/simpleproject.d" -o "src/simpleproject.o" "../src/simpleproject.cpp"
'Finished building: ../src/simpleproject.cpp'
' '
'Building target: communication.elf'
'Invoking: MicroBlaze g++ linker'
mb-g++ -L"C:\Users\Owner\Desktop\workspace\communication_bsp\communication\lib" -Wl,-T -Wl,../src/lscript.ld -L../../communication_bsp/communication/lib -mlittle-endian -mcpu=v8.40.a -mxl-soft-mul -Wl,--no-relax -Wl,--gc-sections -o "communication.elf"  ./src/platform.o ./src/simpleproject.o   -libc.a -libm.a -libxil.a -Wl,--start-group,-lxil,-lgcc,-lc,--end-group -Wl,--start-group,-lxil,-llwip4,-lgcc,-lc,--end-group -lxilflash -Wl,--start-group,-lxilisf,-lxil,-lgcc,-lc,--end-group -Wl,--start-group,-lxilskey,-lxil,-lgcc,-lc,--end-group
c:/xilinx/14.7/ise_ds/edk/gnu/microblaze/nt/bin/../lib/gcc/microblaze-xilinx-elf/4.6.4/../../../../microblaze-xilinx-elf/bin/ld.exe: cannot find -libc.a
c:/xilinx/14.7/ise_ds/edk/gnu/microblaze/nt/bin/../lib/gcc/microblaze-xilinx-elf/4.6.4/../../../../microblaze-xilinx-elf/bin/ld.exe: cannot find -libm.a
c:/xilinx/14.7/ise_ds/edk/gnu/microblaze/nt/bin/../lib/gcc/microblaze-xilinx-elf/4.6.4/../../../../microblaze-xilinx-elf/bin/ld.exe: cannot find -libxil.a
collect2: ld returned 1 exit status
make: *** [communication.elf] Error 1
11:47:22 **** Clean-only build of configuration Debug for project communication ****
make clean 
rm -rf  ./src/platform.o ./src/simpleproject.o  ./src/platform.d  ./src/simpleproject.d  communication.elf.size  communication.elf.elfcheck  communication.elf
' '
11:47:22 **** Auto Build of configuration Debug for project communication ****
make all 
'Building file: ../src/platform.c'
'Invoking: MicroBlaze g++ compiler'
mb-g++ -Wall -O0 -g3 -I"C:\Users\Owner\Desktop\workspace\communication_bsp\communication\include" -c -fmessage-length=0 -mno-xl-reorder -mlittle-endian -mcpu=v8.40.a -mxl-soft-mul -Wl,--no-relax -ffunction-sections -fdata-sections -MMD -MP -MF"src/platform.d" -MT"src/platform.d" -o "src/platform.o" "../src/platform.c"
'Finished building: ../src/platform.c'
' '
'Building file: ../src/simpleproject.cpp'
'Invoking: MicroBlaze g++ compiler'
mb-g++ -Wall -O0 -g3 -I"C:\Users\Owner\Desktop\workspace\communication_bsp\communication\include" -c -fmessage-length=0 -mno-xl-reorder -mlittle-endian -mcpu=v8.40.a -mxl-soft-mul -Wl,--no-relax -ffunction-sections -fdata-sections -MMD -MP -MF"src/simpleproject.d" -MT"src/simpleproject.d" -o "src/simpleproject.o" "../src/simpleproject.cpp"
'Finished building: ../src/simpleproject.cpp'
' '
'Building target: communication.elf'
'Invoking: MicroBlaze g++ linker'
mb-g++ -L"C:\Users\Owner\Desktop\workspace\communication_bsp\communication\lib" -Wl,-T -Wl,../src/lscript.ld -L../../communication_bsp/communication/lib -mlittle-endian -mcpu=v8.40.a -mxl-soft-mul -Wl,--no-relax -Wl,--gc-sections -o "communication.elf"  ./src/platform.o ./src/simpleproject.o   -Wl,--start-group,-lxil,-lgcc,-lc,--end-group -Wl,--start-group,-lxil,-llwip4,-lgcc,-lc,--end-group -lxilflash -Wl,--start-group,-lxilisf,-lxil,-lgcc,-lc,--end-group -Wl,--start-group,-lxilskey,-lxil,-lgcc,-lc,--end-group
c:/xilinx/14.7/ise_ds/edk/gnu/microblaze/nt/bin/../lib/gcc/microblaze-xilinx-elf/4.6.4/../../../../microblaze-xilinx-elf/bin/ld.exe: cannot find -llwip4
collect2: ld returned 1 exit status
make: *** [communication.elf] Error 1
11:48:23 **** Auto Build of project communication_bsp ****
make -k all 
libgen -hw ../communication_hwp/system.xml\
	       \
	       -pe communication \
	       -log libgen.log \
	       system.mss
libgen
Xilinx EDK 14.7 Build EDK_P.20131013
Copyright (c) 1995-2012 Xilinx, Inc.  All rights reserved.

Command Line: libgen -hw ../communication_hwp/system.xml -pe communication -log
libgen.log system.mss 


Staging source files.
Running DRCs.
Runnning DRC for lwIP library... 



ERROR:EDK:3900 - issued from TCL procedure "::sw_lwip140_v1_06_a::lwip_drc" line
   12
   lwip140 () - No Ethernet MAC cores are addressable from processor
   communication.  lwIP requires atleast one EMAC (xps_ethernetlite |
   xps_ll_temac | axi_ethernet | axi_ethernet_buffer | axi_ethernetlite |
   ps7_ethernet) core  with its interrupt pin connected to the interrupt
   controller.

ERROR:EDK:3900 - issued from TCL procedure "::sw_xilfatfs_v1_00_a::xilfatfs_drc"
   line 15
   xilfatfs () - Sysace HW module not present or not accessible from this
   processor. FATfs cannot be used without this module

Running DRC for XilIsf library... 



ERROR:EDK - xilisf () - No SPI core is addressable from processor communication.
    XilIsf library requires a SPI Core 

MFS DRC ...

ERROR:EDK:3414 - Error(s) while running DRCs.
make: *** [communication/lib/libxil.a] Error 2
make: Target `all' not remade because of errors.
11:48:26 **** Auto Build of configuration Debug for project communication ****
make all 
'Building target: communication.elf'
'Invoking: MicroBlaze g++ linker'
mb-g++ -L"C:\Users\Owner\Desktop\workspace\communication_bsp\communication\lib" -Wl,-T -Wl,../src/lscript.ld -L../../communication_bsp/communication/lib -mlittle-endian -mcpu=v8.40.a -mxl-soft-mul -Wl,--no-relax -Wl,--gc-sections -o "communication.elf"  ./src/platform.o ./src/simpleproject.o   -Wl,--start-group,-lxil,-lgcc,-lc,--end-group -Wl,--start-group,-lxil,-llwip4,-lgcc,-lc,--end-group -lxilflash -Wl,--start-group,-lxilisf,-lxil,-lgcc,-lc,--end-group -Wl,--start-group,-lxilskey,-lxil,-lgcc,-lc,--end-group
c:/xilinx/14.7/ise_ds/edk/gnu/microblaze/nt/bin/../lib/gcc/microblaze-xilinx-elf/4.6.4/../../../../microblaze-xilinx-elf/bin/ld.exe: cannot find -llwip4
collect2: ld returned 1 exit status
make: *** [communication.elf] Error 1
11:54:08 **** Clean-only build of project communication_bsp ****
make -k clean 
make: *** No rule to make target `clean'.
11:54:08 **** Build of project communication_bsp ****
make -k all 
libgen -hw ../communication_hwp/system.xml\
	       \
	       -pe communication \
	       -log libgen.log \
	       system.mss
libgen
Xilinx EDK 14.7 Build EDK_P.20131013
Copyright (c) 1995-2012 Xilinx, Inc.  All rights reserved.

Command Line: libgen -hw ../communication_hwp/system.xml -pe communication -log
libgen.log system.mss 


Staging source files.
Running DRCs.
ERROR:EDK:3900 - issued from TCL procedure "::sw_xilfatfs_v1_00_a::xilfatfs_drc"
   line 15
   xilfatfs () - Sysace HW module not present or not accessible from this
   processor. FATfs cannot be used without this module

Running DRC for XilIsf library... 



ERROR:EDK - xilisf () - No SPI core is addressable from processor communication.
    XilIsf library requires a SPI Core 

MFS DRC ...

ERROR:EDK:3414 - Error(s) while running DRCs.
make: *** [communication/lib/libxil.a] Error 2
make: Target `all' not remade because of errors.
11:54:11 **** Clean-only build of configuration Debug for project communication ****
make clean 
rm -rf  ./src/platform.o ./src/simpleproject.o  ./src/platform.d  ./src/simpleproject.d  communication.elf.size  communication.elf.elfcheck  communication.elf
' '
11:54:11 **** Auto Build of configuration Debug for project communication ****
make all 
'Building file: ../src/platform.c'
'Invoking: MicroBlaze g++ compiler'
mb-g++ -Wall -O0 -g3 -I"C:\Users\Owner\Desktop\workspace\communication_bsp\communication\include" -c -fmessage-length=0 -I../../communication_bsp/communication/include -mno-xl-reorder -mlittle-endian -mcpu=v8.40.a -mxl-soft-mul -Wl,--no-relax -ffunction-sections -fdata-sections -MMD -MP -MF"src/platform.d" -MT"src/platform.d" -o "src/platform.o" "../src/platform.c"
../src/platform.c:42:25: fatal error: xparameters.h: No such file or directory
compilation terminated.
make: *** [src/platform.o] Error 1
11:55:07 **** Clean-only build of project communication_bsp ****
make -k clean 
make: *** No rule to make target `clean'.
11:55:07 **** Build of project communication_bsp ****
make -k all 
libgen -hw ../communication_hwp/system.xml\
	       \
	       -pe communication \
	       -log libgen.log \
	       system.mss
libgen
Xilinx EDK 14.7 Build EDK_P.20131013
Copyright (c) 1995-2012 Xilinx, Inc.  All rights reserved.

Command Line: libgen -hw ../communication_hwp/system.xml -pe communication -log
libgen.log system.mss 


Staging source files.
Running DRCs.
Running generate.
Running post_generate.
Running include - 'make -s include "COMPILER=mb-gcc" "ARCHIVER=mb-ar"
"COMPILER_FLAGS=-mlittle-endian -mxl-soft-mul -mno-xl-reorder -mcpu=v8.40.a  -O2
-c" "EXTRA_COMPILER_FLAGS=-g -ffunction-sections -fdata-sections"'.

Running libs - 'make -s libs "COMPILER=mb-gcc" "ARCHIVER=mb-ar"
"COMPILER_FLAGS=-mlittle-endian -mxl-soft-mul -mno-xl-reorder -mcpu=v8.40.a  -O2
-c" "EXTRA_COMPILER_FLAGS=-g -ffunction-sections -fdata-sections"'.
"Compiling common"
"Compiling standalone";
"Compiling bram"
"Compiling iomodule"
"Compiling cpu"
Running execs_generate.
'Finished building libraries'
11:55:17 **** Auto Build of configuration Debug for project communication ****
make all 
'Building file: ../src/platform.c'
'Invoking: MicroBlaze g++ compiler'
mb-g++ -Wall -O0 -g3 -I"C:\Users\Owner\Desktop\workspace\communication_bsp\communication\include" -c -fmessage-length=0 -I../../communication_bsp/communication/include -mno-xl-reorder -mlittle-endian -mcpu=v8.40.a -mxl-soft-mul -Wl,--no-relax -ffunction-sections -fdata-sections -MMD -MP -MF"src/platform.d" -MT"src/platform.d" -o "src/platform.o" "../src/platform.c"
'Finished building: ../src/platform.c'
' '
'Building file: ../src/simpleproject.cpp'
'Invoking: MicroBlaze g++ compiler'
mb-g++ -Wall -O0 -g3 -I"C:\Users\Owner\Desktop\workspace\communication_bsp\communication\include" -c -fmessage-length=0 -I../../communication_bsp/communication/include -mno-xl-reorder -mlittle-endian -mcpu=v8.40.a -mxl-soft-mul -Wl,--no-relax -ffunction-sections -fdata-sections -MMD -MP -MF"src/simpleproject.d" -MT"src/simpleproject.d" -o "src/simpleproject.o" "../src/simpleproject.cpp"
'Finished building: ../src/simpleproject.cpp'
' '
'Building target: communication.elf'
'Invoking: MicroBlaze g++ linker'
mb-g++ -L"C:\Users\Owner\Desktop\workspace\communication_bsp\communication\lib" -Wl,-T -Wl,../src/lscript.ld -L../../communication_bsp/communication/lib -mlittle-endian -mcpu=v8.40.a -mxl-soft-mul -Wl,--no-relax -Wl,--gc-sections -o "communication.elf"  ./src/platform.o ./src/simpleproject.o   -Wl,--start-group,-lxil,-lgcc,-lc,--end-group -lxilflash -Wl,--start-group,-lxilisf,-lxil,-lgcc,-lc,--end-group -Wl,--start-group,-lxilskey,-lxil,-lgcc,-lc,--end-group
c:/xilinx/14.7/ise_ds/edk/gnu/microblaze/nt/bin/../lib/gcc/microblaze-xilinx-elf/4.6.4/../../../../microblaze-xilinx-elf/bin/ld.exe: cannot find -lxilflash
c:/xilinx/14.7/ise_ds/edk/gnu/microblaze/nt/bin/../lib/gcc/microblaze-xilinx-elf/4.6.4/../../../../microblaze-xilinx-elf/bin/ld.exe: cannot find -lxilisf
collect2: ld returned 1 exit status
make: *** [communication.elf] Error 1
12:15:48 **** Clean-only build of configuration Debug for project communication ****
make clean 
rm -rf  ./src/platform.o ./src/simpleproject.o  ./src/platform.d  ./src/simpleproject.d  communication.elf.size  communication.elf.elfcheck  communication.elf
' '
12:15:48 **** Incremental Build of configuration Debug for project communication ****
make all 
'Building file: ../src/platform.c'
'Invoking: MicroBlaze g++ compiler'
mb-g++ -Wall -O0 -g3 -I"C:\Users\Owner\Desktop\workspace\communication_bsp\communication\include" -c -fmessage-length=0 -I../../communication_bsp/communication/include -mno-xl-reorder -mlittle-endian -mcpu=v8.40.a -mxl-soft-mul -Wl,--no-relax -ffunction-sections -fdata-sections -MMD -MP -MF"src/platform.d" -MT"src/platform.d" -o "src/platform.o" "../src/platform.c"
'Finished building: ../src/platform.c'
' '
'Building file: ../src/simpleproject.cpp'
'Invoking: MicroBlaze g++ compiler'
mb-g++ -Wall -O0 -g3 -I"C:\Users\Owner\Desktop\workspace\communication_bsp\communication\include" -c -fmessage-length=0 -I../../communication_bsp/communication/include -mno-xl-reorder -mlittle-endian -mcpu=v8.40.a -mxl-soft-mul -Wl,--no-relax -ffunction-sections -fdata-sections -MMD -MP -MF"src/simpleproject.d" -MT"src/simpleproject.d" -o "src/simpleproject.o" "../src/simpleproject.cpp"
'Finished building: ../src/simpleproject.cpp'
' '
'Building target: communication.elf'
'Invoking: MicroBlaze g++ linker'
mb-g++ -L"C:\Users\Owner\Desktop\workspace\communication_bsp\communication\lib" -Wl,-T -Wl,../src/lscript.ld -L../../communication_bsp/communication/lib -mlittle-endian -mcpu=v8.40.a -mxl-soft-mul -Wl,--no-relax -Wl,--gc-sections -o "communication.elf"  ./src/platform.o ./src/simpleproject.o   -Wl,--start-group,-lxil,-lgcc,-lc,--end-group
c:/xilinx/14.7/ise_ds/edk/gnu/microblaze/nt/bin/../lib/gcc/microblaze-xilinx-elf/4.6.4/../../../../microblaze-xilinx-elf/bin/ld.exe: communication.elf section `.text' will not fit in region `ilmb_cntlr_dlmb_cntlr'
c:/xilinx/14.7/ise_ds/edk/gnu/microblaze/nt/bin/../lib/gcc/microblaze-xilinx-elf/4.6.4/../../../../microblaze-xilinx-elf/bin/ld.exe: region `ilmb_cntlr_dlmb_cntlr' overflowed by 4664 bytes
./src/simpleproject.o: In function `deserialize_UART_data_send(void*)':
C:\Users\Owner\Desktop\workspace\communication\Debug/../src/simpleproject.cpp:52: undefined reference to `inbyte()'
C:\Users\Owner\Desktop\workspace\communication\Debug/../src/simpleproject.cpp:53: undefined reference to `inbyte()'
collect2: ld returned 1 exit status
make: *** [communication.elf] Error 1
12:20:03 **** Auto Build of project communication_bsp ****
make -k all 
'Finished building libraries'
12:20:03 **** Auto Build of configuration Debug for project communication ****
make all 
'Building target: communication.elf'
'Invoking: MicroBlaze g++ linker'
mb-g++ -L"C:\Users\Owner\Desktop\workspace\communication_bsp\communication\lib" -Wl,-T -Wl,../src/lscript.ld -L../../communication_bsp/communication/lib -mlittle-endian -mcpu=v8.40.a -mxl-soft-mul -Wl,--no-relax -Wl,--gc-sections -o "communication.elf"  ./src/platform.o ./src/simpleproject.o   -Wl,--start-group,-lxil,-lgcc,-lc,--end-group
c:/xilinx/14.7/ise_ds/edk/gnu/microblaze/nt/bin/../lib/gcc/microblaze-xilinx-elf/4.6.4/../../../../microblaze-xilinx-elf/bin/ld.exe: communication.elf section `.text' will not fit in region `ilmb_cntlr_dlmb_cntlr'
c:/xilinx/14.7/ise_ds/edk/gnu/microblaze/nt/bin/../lib/gcc/microblaze-xilinx-elf/4.6.4/../../../../microblaze-xilinx-elf/bin/ld.exe: region `ilmb_cntlr_dlmb_cntlr' overflowed by 4664 bytes
./src/simpleproject.o: In function `deserialize_UART_data_send(void*)':
C:\Users\Owner\Desktop\workspace\communication\Debug/../src/simpleproject.cpp:52: undefined reference to `inbyte()'
C:\Users\Owner\Desktop\workspace\communication\Debug/../src/simpleproject.cpp:53: undefined reference to `inbyte()'
collect2: ld returned 1 exit status
make: *** [communication.elf] Error 1
12:23:24 **** Auto Build of configuration Debug for project communication ****
make all 
'Building file: ../src/simpleproject.cpp'
'Invoking: MicroBlaze g++ compiler'
mb-g++ -Wall -O0 -g3 -I"C:\Users\Owner\Desktop\workspace\communication_bsp\communication\include" -c -fmessage-length=0 -I../../communication_bsp/communication/include -mno-xl-reorder -mlittle-endian -mcpu=v8.40.a -mxl-soft-mul -Wl,--no-relax -ffunction-sections -fdata-sections -MMD -MP -MF"src/simpleproject.d" -MT"src/simpleproject.d" -o "src/simpleproject.o" "../src/simpleproject.cpp"
../src/simpleproject.cpp:10:20: fatal error: inbyte.h: No such file or directory
compilation terminated.
make: *** [src/simpleproject.o] Error 1
12:23:27 **** Auto Build of configuration Debug for project communication ****
make all 
'Building file: ../src/simpleproject.cpp'
'Invoking: MicroBlaze g++ compiler'
mb-g++ -Wall -O0 -g3 -I"C:\Users\Owner\Desktop\workspace\communication_bsp\communication\include" -c -fmessage-length=0 -I../../communication_bsp/communication/include -mno-xl-reorder -mlittle-endian -mcpu=v8.40.a -mxl-soft-mul -Wl,--no-relax -ffunction-sections -fdata-sections -MMD -MP -MF"src/simpleproject.d" -MT"src/simpleproject.d" -o "src/simpleproject.o" "../src/simpleproject.cpp"
../src/simpleproject.cpp:10:21: fatal error: inbyte.h: No such file or directory
compilation terminated.
make: *** [src/simpleproject.o] Error 1
12:23:34 **** Auto Build of configuration Debug for project communication ****
make all 
'Building file: ../src/simpleproject.cpp'
'Invoking: MicroBlaze g++ compiler'
mb-g++ -Wall -O0 -g3 -I"C:\Users\Owner\Desktop\workspace\communication_bsp\communication\include" -c -fmessage-length=0 -I../../communication_bsp/communication/include -mno-xl-reorder -mlittle-endian -mcpu=v8.40.a -mxl-soft-mul -Wl,--no-relax -ffunction-sections -fdata-sections -MMD -MP -MF"src/simpleproject.d" -MT"src/simpleproject.d" -o "src/simpleproject.o" "../src/simpleproject.cpp"
../src/simpleproject.cpp:10:21: fatal error: inbyte.h: No such file or directory
compilation terminated.
make: *** [src/simpleproject.o] Error 1
12:23:37 **** Auto Build of configuration Debug for project communication ****
make all 
'Building file: ../src/simpleproject.cpp'
'Invoking: MicroBlaze g++ compiler'
mb-g++ -Wall -O0 -g3 -I"C:\Users\Owner\Desktop\workspace\communication_bsp\communication\include" -c -fmessage-length=0 -I../../communication_bsp/communication/include -mno-xl-reorder -mlittle-endian -mcpu=v8.40.a -mxl-soft-mul -Wl,--no-relax -ffunction-sections -fdata-sections -MMD -MP -MF"src/simpleproject.d" -MT"src/simpleproject.d" -o "src/simpleproject.o" "../src/simpleproject.cpp"
'Finished building: ../src/simpleproject.cpp'
' '
'Building target: communication.elf'
'Invoking: MicroBlaze g++ linker'
mb-g++ -L"C:\Users\Owner\Desktop\workspace\communication_bsp\communication\lib" -Wl,-T -Wl,../src/lscript.ld -L../../communication_bsp/communication/lib -mlittle-endian -mcpu=v8.40.a -mxl-soft-mul -Wl,--no-relax -Wl,--gc-sections -o "communication.elf"  ./src/platform.o ./src/simpleproject.o   -Wl,--start-group,-lxil,-lgcc,-lc,--end-group
c:/xilinx/14.7/ise_ds/edk/gnu/microblaze/nt/bin/../lib/gcc/microblaze-xilinx-elf/4.6.4/../../../../microblaze-xilinx-elf/bin/ld.exe: communication.elf section `.text' will not fit in region `ilmb_cntlr_dlmb_cntlr'
c:/xilinx/14.7/ise_ds/edk/gnu/microblaze/nt/bin/../lib/gcc/microblaze-xilinx-elf/4.6.4/../../../../microblaze-xilinx-elf/bin/ld.exe: region `ilmb_cntlr_dlmb_cntlr' overflowed by 4664 bytes
./src/simpleproject.o: In function `deserialize_UART_data_send(void*)':
C:\Users\Owner\Desktop\workspace\communication\Debug/../src/simpleproject.cpp:52: undefined reference to `inbyte()'
C:\Users\Owner\Desktop\workspace\communication\Debug/../src/simpleproject.cpp:53: undefined reference to `inbyte()'
collect2: ld returned 1 exit status
make: *** [communication.elf] Error 1
12:24:16 **** Clean-only build of configuration Debug for project communication ****
make clean 
rm -rf  ./src/platform.o ./src/simpleproject.o  ./src/platform.d  ./src/simpleproject.d  communication.elf.size  communication.elf.elfcheck  communication.elf
' '
12:24:16 **** Build of project communication_bsp ****
make -k all 
'Finished building libraries'
12:24:16 **** Build of configuration Debug for project communication ****
make all 
'Building file: ../src/platform.c'
'Invoking: MicroBlaze g++ compiler'
mb-g++ -Wall -O0 -g3 -I"C:\Users\Owner\Desktop\workspace\communication_bsp\communication\include" -c -fmessage-length=0 -I../../communication_bsp/communication/include -mno-xl-reorder -mlittle-endian -mcpu=v8.40.a -mxl-soft-mul -Wl,--no-relax -ffunction-sections -fdata-sections -MMD -MP -MF"src/platform.d" -MT"src/platform.d" -o "src/platform.o" "../src/platform.c"
'Finished building: ../src/platform.c'
' '
'Building file: ../src/simpleproject.cpp'
'Invoking: MicroBlaze g++ compiler'
mb-g++ -Wall -O0 -g3 -I"C:\Users\Owner\Desktop\workspace\communication_bsp\communication\include" -c -fmessage-length=0 -I../../communication_bsp/communication/include -mno-xl-reorder -mlittle-endian -mcpu=v8.40.a -mxl-soft-mul -Wl,--no-relax -ffunction-sections -fdata-sections -MMD -MP -MF"src/simpleproject.d" -MT"src/simpleproject.d" -o "src/simpleproject.o" "../src/simpleproject.cpp"
'Finished building: ../src/simpleproject.cpp'
' '
'Building target: communication.elf'
'Invoking: MicroBlaze g++ linker'
mb-g++ -L"C:\Users\Owner\Desktop\workspace\communication_bsp\communication\lib" -Wl,-T -Wl,../src/lscript.ld -L../../communication_bsp/communication/lib -mlittle-endian -mcpu=v8.40.a -mxl-soft-mul -Wl,--no-relax -Wl,--gc-sections -o "communication.elf"  ./src/platform.o ./src/simpleproject.o   -Wl,--start-group,-lxil,-lgcc,-lc,--end-group
c:/xilinx/14.7/ise_ds/edk/gnu/microblaze/nt/bin/../lib/gcc/microblaze-xilinx-elf/4.6.4/../../../../microblaze-xilinx-elf/bin/ld.exe: communication.elf section `.text' will not fit in region `ilmb_cntlr_dlmb_cntlr'
c:/xilinx/14.7/ise_ds/edk/gnu/microblaze/nt/bin/../lib/gcc/microblaze-xilinx-elf/4.6.4/../../../../microblaze-xilinx-elf/bin/ld.exe: region `ilmb_cntlr_dlmb_cntlr' overflowed by 4664 bytes
./src/simpleproject.o: In function `deserialize_UART_data_send(void*)':
C:\Users\Owner\Desktop\workspace\communication\Debug/../src/simpleproject.cpp:52: undefined reference to `inbyte()'
C:\Users\Owner\Desktop\workspace\communication\Debug/../src/simpleproject.cpp:53: undefined reference to `inbyte()'
collect2: ld returned 1 exit status
make: *** [communication.elf] Error 1
12:24:17 **** Clean-only build of project communication_bsp ****
make -k clean 
rm -rf communication
12:24:22 **** Incremental Build of project communication_bsp ****
make -k all 
libgen -hw ../communication_hwp/system.xml\
	       \
	       -pe communication \
	       -log libgen.log \
	       system.mss
libgen
Xilinx EDK 14.7 Build EDK_P.20131013
Copyright (c) 1995-2012 Xilinx, Inc.  All rights reserved.

Command Line: libgen -hw ../communication_hwp/system.xml -pe communication -log
libgen.log system.mss 


Staging source files.
Running DRCs.
Running generate.
Running post_generate.
Running include - 'make -s include "COMPILER=mb-gcc" "ARCHIVER=mb-ar"
"COMPILER_FLAGS=-mlittle-endian -mxl-soft-mul -mno-xl-reorder -mcpu=v8.40.a  -O2
-c" "EXTRA_COMPILER_FLAGS=-g -ffunction-sections -fdata-sections"'.

Running libs - 'make -s libs "COMPILER=mb-gcc" "ARCHIVER=mb-ar"
"COMPILER_FLAGS=-mlittle-endian -mxl-soft-mul -mno-xl-reorder -mcpu=v8.40.a  -O2
-c" "EXTRA_COMPILER_FLAGS=-g -ffunction-sections -fdata-sections"'.
"Compiling common"
"Compiling standalone";
"Compiling bram"
"Compiling iomodule"
"Compiling cpu"
Running execs_generate.
'Finished building libraries'
12:24:30 **** Incremental Build of configuration Debug for project communication ****
make all 
'Building target: communication.elf'
'Invoking: MicroBlaze g++ linker'
mb-g++ -L"C:\Users\Owner\Desktop\workspace\communication_bsp\communication\lib" -Wl,-T -Wl,../src/lscript.ld -L../../communication_bsp/communication/lib -mlittle-endian -mcpu=v8.40.a -mxl-soft-mul -Wl,--no-relax -Wl,--gc-sections -o "communication.elf"  ./src/platform.o ./src/simpleproject.o   -Wl,--start-group,-lxil,-lgcc,-lc,--end-group
c:/xilinx/14.7/ise_ds/edk/gnu/microblaze/nt/bin/../lib/gcc/microblaze-xilinx-elf/4.6.4/../../../../microblaze-xilinx-elf/bin/ld.exe: communication.elf section `.text' will not fit in region `ilmb_cntlr_dlmb_cntlr'
c:/xilinx/14.7/ise_ds/edk/gnu/microblaze/nt/bin/../lib/gcc/microblaze-xilinx-elf/4.6.4/../../../../microblaze-xilinx-elf/bin/ld.exe: region `ilmb_cntlr_dlmb_cntlr' overflowed by 4664 bytes
./src/simpleproject.o: In function `deserialize_UART_data_send(void*)':
C:\Users\Owner\Desktop\workspace\communication\Debug/../src/simpleproject.cpp:52: undefined reference to `inbyte()'
C:\Users\Owner\Desktop\workspace\communication\Debug/../src/simpleproject.cpp:53: undefined reference to `inbyte()'
collect2: ld returned 1 exit status
make: *** [communication.elf] Error 1
12:28:38 **** Incremental Build of configuration Debug for project communication ****
make all 
'Building target: communication.elf'
'Invoking: MicroBlaze g++ linker'
mb-g++ -L"C:\Users\Owner\Desktop\workspace\communication_bsp\communication\lib" -Wl,-T -Wl,../src/lscript.ld -L../../communication_bsp/communication/lib -mlittle-endian -mcpu=v8.40.a -mxl-soft-mul -Wl,--no-relax -Wl,--gc-sections -o "communication.elf"  ./src/platform.o ./src/simpleproject.o   -Wl,--start-group,-lxil,-lgcc,-lc,--end-group
./src/simpleproject.o: In function `deserialize_UART_data_send(void*)':
C:\Users\Owner\Desktop\workspace\communication\Debug/../src/simpleproject.cpp:52: undefined reference to `inbyte()'
C:\Users\Owner\Desktop\workspace\communication\Debug/../src/simpleproject.cpp:53: undefined reference to `inbyte()'
collect2: ld returned 1 exit status
make: *** [communication.elf] Error 1
12:28:45 **** Incremental Build of configuration Debug for project communication ****
make all 
'Building target: communication.elf'
'Invoking: MicroBlaze g++ linker'
mb-g++ -L"C:\Users\Owner\Desktop\workspace\communication_bsp\communication\lib" -Wl,-T -Wl,../src/lscript.ld -L../../communication_bsp/communication/lib -mlittle-endian -mcpu=v8.40.a -mxl-soft-mul -Wl,--no-relax -Wl,--gc-sections -o "communication.elf"  ./src/platform.o ./src/simpleproject.o   -Wl,--start-group,-lxil,-lgcc,-lc,--end-group
./src/simpleproject.o: In function `deserialize_UART_data_send(void*)':
C:\Users\Owner\Desktop\workspace\communication\Debug/../src/simpleproject.cpp:52: undefined reference to `inbyte()'
C:\Users\Owner\Desktop\workspace\communication\Debug/../src/simpleproject.cpp:53: undefined reference to `inbyte()'
collect2: ld returned 1 exit status
make: *** [communication.elf] Error 1
12:29:04 **** Clean-only build of configuration Debug for project communication ****
make clean 
rm -rf  ./src/platform.o ./src/simpleproject.o  ./src/platform.d  ./src/simpleproject.d  communication.elf.size  communication.elf.elfcheck  communication.elf
' '
12:29:05 **** Build of project communication_bsp ****
make -k all 
'Finished building libraries'
12:29:05 **** Build of configuration Debug for project communication ****
make all 
'Building file: ../src/platform.c'
'Invoking: MicroBlaze g++ compiler'
mb-g++ -Wall -O0 -g3 -I"C:\Users\Owner\Desktop\workspace\communication_bsp\communication\include" -c -fmessage-length=0 -I../../communication_bsp/communication/include -mno-xl-reorder -mlittle-endian -mcpu=v8.40.a -mxl-soft-mul -Wl,--no-relax -ffunction-sections -fdata-sections -MMD -MP -MF"src/platform.d" -MT"src/platform.d" -o "src/platform.o" "../src/platform.c"
'Finished building: ../src/platform.c'
' '
'Building file: ../src/simpleproject.cpp'
'Invoking: MicroBlaze g++ compiler'
mb-g++ -Wall -O0 -g3 -I"C:\Users\Owner\Desktop\workspace\communication_bsp\communication\include" -c -fmessage-length=0 -I../../communication_bsp/communication/include -mno-xl-reorder -mlittle-endian -mcpu=v8.40.a -mxl-soft-mul -Wl,--no-relax -ffunction-sections -fdata-sections -MMD -MP -MF"src/simpleproject.d" -MT"src/simpleproject.d" -o "src/simpleproject.o" "../src/simpleproject.cpp"
'Finished building: ../src/simpleproject.cpp'
' '
'Building target: communication.elf'
'Invoking: MicroBlaze g++ linker'
mb-g++ -L"C:\Users\Owner\Desktop\workspace\communication_bsp\communication\lib" -Wl,-T -Wl,../src/lscript.ld -L../../communication_bsp/communication/lib -mlittle-endian -mcpu=v8.40.a -mxl-soft-mul -Wl,--no-relax -Wl,--gc-sections -o "communication.elf"  ./src/platform.o ./src/simpleproject.o   -Wl,--start-group,-lxil,-lgcc,-lc,--end-group
./src/simpleproject.o: In function `deserialize_UART_data_send(void*)':
C:\Users\Owner\Desktop\workspace\communication\Debug/../src/simpleproject.cpp:52: undefined reference to `inbyte()'
C:\Users\Owner\Desktop\workspace\communication\Debug/../src/simpleproject.cpp:53: undefined reference to `inbyte()'
collect2: ld returned 1 exit status
make: *** [communication.elf] Error 1
12:29:06 **** Clean-only build of project communication_bsp ****
make -k clean 
rm -rf communication
12:29:16 **** Incremental Build of project communication_bsp ****
make -k all 
libgen -hw ../communication_hwp/system.xml\
	       \
	       -pe communication \
	       -log libgen.log \
	       system.mss
libgen
Xilinx EDK 14.7 Build EDK_P.20131013
Copyright (c) 1995-2012 Xilinx, Inc.  All rights reserved.

Command Line: libgen -hw ../communication_hwp/system.xml -pe communication -log
libgen.log system.mss 


Staging source files.
Running DRCs.
Running generate.
Running post_generate.
Running include - 'make -s include "COMPILER=mb-gcc" "ARCHIVER=mb-ar"
"COMPILER_FLAGS=-mlittle-endian -mxl-soft-mul -mno-xl-reorder -mcpu=v8.40.a  -O2
-c" "EXTRA_COMPILER_FLAGS=-g -ffunction-sections -fdata-sections"'.

Running libs - 'make -s libs "COMPILER=mb-gcc" "ARCHIVER=mb-ar"
"COMPILER_FLAGS=-mlittle-endian -mxl-soft-mul -mno-xl-reorder -mcpu=v8.40.a  -O2
-c" "EXTRA_COMPILER_FLAGS=-g -ffunction-sections -fdata-sections"'.
"Compiling common"
"Compiling standalone";
"Compiling bram"
"Compiling iomodule"
"Compiling cpu"
Running execs_generate.
'Finished building libraries'
12:29:24 **** Incremental Build of configuration Debug for project communication ****
make all 
'Building target: communication.elf'
'Invoking: MicroBlaze g++ linker'
mb-g++ -L"C:\Users\Owner\Desktop\workspace\communication_bsp\communication\lib" -Wl,-T -Wl,../src/lscript.ld -L../../communication_bsp/communication/lib -mlittle-endian -mcpu=v8.40.a -mxl-soft-mul -Wl,--no-relax -Wl,--gc-sections -o "communication.elf"  ./src/platform.o ./src/simpleproject.o   -Wl,--start-group,-lxil,-lgcc,-lc,--end-group
./src/simpleproject.o: In function `deserialize_UART_data_send(void*)':
C:\Users\Owner\Desktop\workspace\communication\Debug/../src/simpleproject.cpp:52: undefined reference to `inbyte()'
C:\Users\Owner\Desktop\workspace\communication\Debug/../src/simpleproject.cpp:53: undefined reference to `inbyte()'
collect2: ld returned 1 exit status
make: *** [communication.elf] Error 1
12:30:45 **** Auto Build of configuration Debug for project communication ****
make all 
'Building file: ../src/simpleproject.cpp'
'Invoking: MicroBlaze g++ compiler'
mb-g++ -Wall -O0 -g3 -I"C:\Users\Owner\Desktop\workspace\communication_bsp\communication\include" -c -fmessage-length=0 -I../../communication_bsp/communication/include -mno-xl-reorder -mlittle-endian -mcpu=v8.40.a -mxl-soft-mul -Wl,--no-relax -ffunction-sections -fdata-sections -MMD -MP -MF"src/simpleproject.d" -MT"src/simpleproject.d" -o "src/simpleproject.o" "../src/simpleproject.cpp"
'Finished building: ../src/simpleproject.cpp'
' '
'Building target: communication.elf'
'Invoking: MicroBlaze g++ linker'
mb-g++ -L"C:\Users\Owner\Desktop\workspace\communication_bsp\communication\lib" -Wl,-T -Wl,../src/lscript.ld -L../../communication_bsp/communication/lib -mlittle-endian -mcpu=v8.40.a -mxl-soft-mul -Wl,--no-relax -Wl,--gc-sections -o "communication.elf"  ./src/platform.o ./src/simpleproject.o   -Wl,--start-group,-lxil,-lgcc,-lc,--end-group
'Finished building target: communication.elf'
' '
'Invoking: MicroBlaze Print Size'
mb-size communication.elf  |tee "communication.elf.size"
   text	   data	    bss	    dec	    hex	filename
  10026	    372	   2450	  12848	   3230	communication.elf
'Finished building: communication.elf.size'
' '
'Invoking: Xilinx ELF Check'
elfcheck communication.elf -hw ../../communication_hwp/system.xml -pe communication  |tee "communication.elf.elfcheck"
elfcheck
Xilinx EDK 14.7 Build EDK_P.20131013
Copyright (c) 1995-2012 Xilinx, Inc.  All rights reserved.

Command Line: elfcheck -hw ../../communication_hwp/system.xml -pe communication
communication.elf 

ELF file	: communication.elf
elfcheck passed.
'Finished building: communication.elf.elfcheck'
' '
12:33:10 **** Auto Build of configuration Release for project communication ****
make all 
'Building file: ../src/platform.c'
'Invoking: MicroBlaze g++ compiler'
mb-g++ -Wall -O3 -c -fmessage-length=0 -I../../communication_bsp/communication/include -mno-xl-reorder -mlittle-endian -mcpu=v8.40.a -mxl-soft-mul -Wl,--no-relax -ffunction-sections -fdata-sections -MMD -MP -MF"src/platform.d" -MT"src/platform.d" -o "src/platform.o" "../src/platform.c"
'Finished building: ../src/platform.c'
' '
'Building file: ../src/simpleproject.cpp'
'Invoking: MicroBlaze g++ compiler'
mb-g++ -Wall -O3 -c -fmessage-length=0 -I../../communication_bsp/communication/include -mno-xl-reorder -mlittle-endian -mcpu=v8.40.a -mxl-soft-mul -Wl,--no-relax -ffunction-sections -fdata-sections -MMD -MP -MF"src/simpleproject.d" -MT"src/simpleproject.d" -o "src/simpleproject.o" "../src/simpleproject.cpp"
'Finished building: ../src/simpleproject.cpp'
' '
'Building target: communication.elf'
'Invoking: MicroBlaze g++ linker'
mb-g++ -Wl,-T -Wl,../src/lscript.ld -L../../communication_bsp/communication/lib -mlittle-endian -mcpu=v8.40.a -mxl-soft-mul -Wl,--no-relax -Wl,--gc-sections -o "communication.elf"  ./src/platform.o ./src/simpleproject.o   -Wl,--start-group,-lxil,-lgcc,-lc,--end-group
'Finished building target: communication.elf'
' '
'Invoking: MicroBlaze Print Size'
mb-size communication.elf  |tee "communication.elf.size"
   text	   data	    bss	    dec	    hex	filename
   9682	    372	   2450	  12504	   30d8	communication.elf
'Finished building: communication.elf.size'
' '
'Invoking: Xilinx ELF Check'
elfcheck communication.elf -hw ../../communication_hwp/system.xml -pe communication  |tee "communication.elf.elfcheck"
elfcheck
Xilinx EDK 14.7 Build EDK_P.20131013
Copyright (c) 1995-2012 Xilinx, Inc.  All rights reserved.

Command Line: elfcheck -hw ../../communication_hwp/system.xml -pe communication
communication.elf 

ELF file	: communication.elf
elfcheck passed.
'Finished building: communication.elf.elfcheck'
' '
12:33:13 **** Clean-only build of configuration Release for project communication ****
make clean 
rm -rf  ./src/platform.o ./src/simpleproject.o  ./src/platform.d  ./src/simpleproject.d  communication.elf.size  communication.elf.elfcheck  communication.elf
' '
12:33:13 **** Auto Build of configuration Release for project communication ****
make all 
'Building file: ../src/platform.c'
'Invoking: MicroBlaze g++ compiler'
mb-g++ -Wall -O3 -c -fmessage-length=0 -I../../communication_bsp/communication/include -mno-xl-reorder -mlittle-endian -mcpu=v8.40.a -mxl-soft-mul -Wl,--no-relax -ffunction-sections -fdata-sections -MMD -MP -MF"src/platform.d" -MT"src/platform.d" -o "src/platform.o" "../src/platform.c"
'Finished building: ../src/platform.c'
' '
'Building file: ../src/simpleproject.cpp'
'Invoking: MicroBlaze g++ compiler'
mb-g++ -Wall -O3 -c -fmessage-length=0 -I../../communication_bsp/communication/include -mno-xl-reorder -mlittle-endian -mcpu=v8.40.a -mxl-soft-mul -Wl,--no-relax -ffunction-sections -fdata-sections -MMD -MP -MF"src/simpleproject.d" -MT"src/simpleproject.d" -o "src/simpleproject.o" "../src/simpleproject.cpp"
'Finished building: ../src/simpleproject.cpp'
' '
'Building target: communication.elf'
'Invoking: MicroBlaze g++ linker'
mb-g++ -Wl,-T -Wl,../src/lscript.ld -L../../communication_bsp/communication/lib -mlittle-endian -mcpu=v8.40.a -mxl-soft-mul -Wl,--no-relax -Wl,--gc-sections -o "communication.elf"  ./src/platform.o ./src/simpleproject.o   -Wl,--start-group,-lxil,-lgcc,-lc,--end-group
'Finished building target: communication.elf'
' '
'Invoking: MicroBlaze Print Size'
mb-size communication.elf  |tee "communication.elf.size"
   text	   data	    bss	    dec	    hex	filename
   9682	    372	   2450	  12504	   30d8	communication.elf
'Finished building: communication.elf.size'
' '
'Invoking: Xilinx ELF Check'
elfcheck communication.elf -hw ../../communication_hwp/system.xml -pe communication  |tee "communication.elf.elfcheck"
elfcheck
Xilinx EDK 14.7 Build EDK_P.20131013
Copyright (c) 1995-2012 Xilinx, Inc.  All rights reserved.

Command Line: elfcheck -hw ../../communication_hwp/system.xml -pe communication
communication.elf 

ELF file	: communication.elf
elfcheck passed.
'Finished building: communication.elf.elfcheck'
' '
